[inst.eecs.berkeley.edu/_cs61c/sp18/index.html]
[inst.eecs.berkeley.edu/_cs61c/sp18/img/icon3.png]
[backblue.gif]
[fade.gif]
[index.html]
[inst.eecs.berkeley.edu/_cs61c/sp18/bootstrap-dist/css/bootstrap.min.css]
[inst.eecs.berkeley.edu/_cs61c/sp18/css/navbar-fixed-top.css]
[inst.eecs.berkeley.edu/_cs61c/sp18/css/balloon.css]
[inst.eecs.berkeley.edu/_cs61c/sp18/fullcalendar/fullcalendar.css]
[inst.eecs.berkeley.edu/_cs61c/sp18/fullcalendar/fullcalendar.print.css]
[inst.eecs.berkeley.edu/_cs61c/sp18/.html]
[inst.eecs.berkeley.edu/_cs61c/sp18/policies.html]
[inst.eecs.berkeley.edu/_cs61c/sp18/img/dphoto2_web.jpg]
[inst.eecs.berkeley.edu/_cs61c/sp18/img/P&H.jpg]
[inst.eecs.berkeley.edu/_cs61c/sp18/img/WSC.jpg]
[inst.eecs.berkeley.edu/_cs61c/sp18/img/K&R.jpg]
[inst.eecs.berkeley.edu/_cs61c/sp18/img/staff/index.html]
[inst.eecs.berkeley.edu/_cs61c/sp18/lec/01/index.html]
[inst.eecs.berkeley.edu/_cs61c/sp18/disc/0/index.html]
[inst.eecs.berkeley.edu/_cs61c/sp18/lec/02/index.html]
[inst.eecs.berkeley.edu/_cs61c/sp18/lec/03/index.html]
[inst.eecs.berkeley.edu/_cs61c/sp18/disc/1/index.html]
[inst.eecs.berkeley.edu/_cs61c/sp18/labs/0/index.html]
[inst.eecs.berkeley.edu/_cs61c/sp18/projs/01/index.html]
[inst.eecs.berkeley.edu/_cs61c/sp18/lec/04/index.html]
[inst.eecs.berkeley.edu/_cs61c/sp18/lec/05/index.html]
[inst.eecs.berkeley.edu/_cs61c/sp18/disc/2/index.html]
[inst.eecs.berkeley.edu/_cs61c/sp18/projs/02-1/index.html]
[inst.eecs.berkeley.edu/_cs61c/sp18/lec/06/index.html]
[inst.eecs.berkeley.edu/_cs61c/sp18/lec/07/index.html]
[inst.eecs.berkeley.edu/_cs61c/sp18/labs/1/index.html]
[inst.eecs.berkeley.edu/_cs61c/sp18/disc/3/index.html]
[inst.eecs.berkeley.edu/_cs61c/sp18/lec/08/index.html]
[inst.eecs.berkeley.edu/_cs61c/sp18/labs/2/index.html]
[inst.eecs.berkeley.edu/_cs61c/sp18/disc/4/index.html]
[inst.eecs.berkeley.edu/_cs61c/sp18/labs/3/index.html]
[inst.eecs.berkeley.edu/_cs61c/sp18/projs/02-2/index.html]
[inst.eecs.berkeley.edu/_cs61c/sp18/lec/09/index.html]
[inst.eecs.berkeley.edu/_cs61c/sp18/lec/10/index.html]
[inst.eecs.berkeley.edu/_cs61c/sp18/disc/5/index.html]
[inst.eecs.berkeley.edu/_cs61c/sp18/labs/4/index.html]
[inst.eecs.berkeley.edu/_cs61c/sp18/lec/11/index.html]
[inst.eecs.berkeley.edu/_cs61c/sp18/lec/12/index.html]
[inst.eecs.berkeley.edu/_cs61c/sp18/disc/6/index.html]
[inst.eecs.berkeley.edu/_cs61c/sp18/projs/03-1/index.html]
[inst.eecs.berkeley.edu/_cs61c/sp18/lec/13/index.html]
[inst.eecs.berkeley.edu/_cs61c/sp18/disc/7/index.html]
[inst.eecs.berkeley.edu/_cs61c/sp18/lec/14/index.html]
[inst.eecs.berkeley.edu/_cs61c/sp18/labs/6/index.html]
[inst.eecs.berkeley.edu/_cs61c/sp18/projs/03-2/index.html]
[inst.eecs.berkeley.edu/_cs61c/sp18/lec/15/index.html]
[inst.eecs.berkeley.edu/_cs61c/sp18/lec/16/index.html]
[inst.eecs.berkeley.edu/_cs61c/sp18/disc/8/index.html]
[inst.eecs.berkeley.edu/_cs61c/sp18/img/staff/johnw.jpg]
[inst.eecs.berkeley.edu/_cs61c/sp18/labs/7/index.html]
[inst.eecs.berkeley.edu/_cs61c/sp18/lec/17/index.html]
[inst.eecs.berkeley.edu/_cs61c/sp18/disc/9/index.html]
[inst.eecs.berkeley.edu/_cs61c/sp18/lec/18/index.html]
[inst.eecs.berkeley.edu/_cs61c/sp18/lec/21/index.html]
[inst.eecs.berkeley.edu/_cs61c/sp18/img/staff/nweaver.jpg]
[inst.eecs.berkeley.edu/_cs61c/sp18/img/staff/nweaver_hover.jpg]
[inst.eecs.berkeley.edu/_cs61c/sp18/disc/11/index.html]
[inst.eecs.berkeley.edu/_cs61c/sp18/img/staff/peijie.jpg]
[inst.eecs.berkeley.edu/_cs61c/sp18/labs/10/index.html]
[inst.eecs.berkeley.edu/_cs61c/sp18/img/staff/peijie_hover.jpg]
[inst.eecs.berkeley.edu/_cs61c/sp18/img/staff/dylan.jpg]
[inst.eecs.berkeley.edu/_cs61c/sp18/projs/04/index.html]
[inst.eecs.berkeley.edu/_cs61c/sp18/img/staff/dylan_hover.jpg]
[inst.eecs.berkeley.edu/_cs61c/sp18/img/staff/tejas.jpg]
[inst.eecs.berkeley.edu/_cs61c/sp18/lec/22/index.html]
[inst.eecs.berkeley.edu/_cs61c/sp18/img/staff/tejas_hover.jpg]
[inst.eecs.berkeley.edu/_cs61c/sp18/img/staff/derek.jpg]
[inst.eecs.berkeley.edu/_cs61c/sp18/lec/23/index.html]
[inst.eecs.berkeley.edu/_cs61c/sp18/disc/12/index.html]
[inst.eecs.berkeley.edu/_cs61c/sp18/labs/11/index.html]
[inst.eecs.berkeley.edu/_cs61c/sp18/lec/24/index.html]
[inst.eecs.berkeley.edu/_cs61c/sp18/lec/25/index.html]
[inst.eecs.berkeley.edu/_cs61c/sp18/img/staff/derek_hover.jpg]
[inst.eecs.berkeley.edu/_cs61c/sp18/img/staff/nikhil.jpg]
[inst.eecs.berkeley.edu/_cs61c/sp18/disc/13/index.html]
[inst.eecs.berkeley.edu/_cs61c/sp18/img/staff/nikhil_hover.jpg]
[inst.eecs.berkeley.edu/_cs61c/sp18/img/staff/nick.jpg]
[inst.eecs.berkeley.edu/_cs61c/sp18/img/staff/nick_hover.jpg]
[inst.eecs.berkeley.edu/_cs61c/sp18/labs/12/index.html]
[inst.eecs.berkeley.edu/_cs61c/sp18/projs/05-01/index.html]
[inst.eecs.berkeley.edu/_cs61c/sp18/img/staff/ryan.jpg]
[inst.eecs.berkeley.edu/_cs61c/sp18/lec/26/index.html]
[inst.eecs.berkeley.edu/_cs61c/sp18/img/staff/ryan_hover.jpg]
[inst.eecs.berkeley.edu/_cs61c/sp18/lec/27/index.html]
[inst.eecs.berkeley.edu/_cs61c/sp18/disc/14/index.html]
[inst.eecs.berkeley.edu/_cs61c/sp18/img/staff/morgan.jpg]
[inst.eecs.berkeley.edu/_cs61c/sp18/labs/13/index.html]
[inst.eecs.berkeley.edu/_cs61c/sp18/projs/05-02/index.html]
[inst.eecs.berkeley.edu/_cs61c/sp18/lec/28/index.html]
[inst.eecs.berkeley.edu/_cs61c/sp18/img/staff/morgan_hover.jpg]
[inst.eecs.berkeley.edu/_cs61c/sp18/img/staff/anna.jpg]
[inst.eecs.berkeley.edu/_cs61c/sp18/img/staff/anna_hover.jpg]
[inst.eecs.berkeley.edu/_cs61c/sp18/img/staff/nathan.jpg]
[inst.eecs.berkeley.edu/_cs61c/sp18/img/staff/nathan_hover.jpg]
[inst.eecs.berkeley.edu/_cs61c/sp18/img/staff/bobdai.jpg]
[inst.eecs.berkeley.edu/_cs61c/sp18/img/staff/bobdai_hover.jpg]
[inst.eecs.berkeley.edu/_cs61c/sp18/img/staff/kevinma.jpg]
[inst.eecs.berkeley.edu/_cs61c/sp18/img/staff/kevinma_hover.jpg]
[inst.eecs.berkeley.edu/_cs61c/sp18/img/staff/qijing.jpg]
[inst.eecs.berkeley.edu/_cs61c/sp18/img/staff/qijing_hover.jpg]
[inst.eecs.berkeley.edu/_cs61c/sp18/img/staff/ben.jpg]
[inst.eecs.berkeley.edu/_cs61c/sp18/img/staff/ben_hover.jpg]
[inst.eecs.berkeley.edu/_cs61c/sp18/img/staff/irene.jpg]
[inst.eecs.berkeley.edu/_cs61c/sp18/img/staff/irene_hover.jpg]
[inst.eecs.berkeley.edu/_cs61c/sp18/img/staff/stevenc.jpg]
[inst.eecs.berkeley.edu/_cs61c/sp18/img/staff/stevenc_hover.jpg]
[inst.eecs.berkeley.edu/_cs61c/sp18/img/staff/ehimare.jpg]
[inst.eecs.berkeley.edu/_cs61c/sp18/img/staff/ehimare_hover.jpg]
[inst.eecs.berkeley.edu/_cs61c/sp18/img/staff/andy.jpg]
[inst.eecs.berkeley.edu/_cs61c/sp18/img/staff/andy_hover.jpg]
[inst.eecs.berkeley.edu/_cs61c/sp18/img/staff/no-image.jpg]
[inst.eecs.berkeley.edu/_cs61c/sp18/img/staff/anusha.jpg]
[inst.eecs.berkeley.edu/_cs61c/sp18/img/staff/anusha_hover.jpg]
[inst.eecs.berkeley.edu/_cs61c/sp18/img/riscvcard.pdf]
[inst.eecs.berkeley.edu/_cs61c/sp18/fullcalendar/lib/moment.min.js]
[inst.eecs.berkeley.edu/_cs61c/sp18/fullcalendar/lib/jquery.min.js]
[inst.eecs.berkeley.edu/_cs61c/sp18/fullcalendar/fullcalendar.min.js]
[inst.eecs.berkeley.edu/_cs61c/sp18/fullcalendar/gcal.js]
[inst.eecs.berkeley.edu/_cs61c/sp18/weekly_schedule.js]
[inst.eecs.berkeley.edu/_cs61c/sp18/bootstrap-dist/js/bootstrap.min.js]
[www.google-analytics.com/analytics.js]
[inst.eecs.berkeley.edu/_cs61c/sp18/index.html]
[inst.eecs.berkeley.edu/_cs61c/sp18/bootstrap-dist/fonts/glyphicons-halflings-regular.eot]
[inst.eecs.berkeley.edu/_cs61c/sp18/bootstrap-dist/fonts/glyphicons-halflings-regulard41d.eot]
[inst.eecs.berkeley.edu/_cs61c/sp18/bootstrap-dist/fonts/glyphicons-halflings-regular.woff]
[inst.eecs.berkeley.edu/_cs61c/sp18/bootstrap-dist/css/bootstrap.min.css]
[inst.eecs.berkeley.edu/_cs61c/sp18/css/navbar-fixed-top.css]
[inst.eecs.berkeley.edu/_cs61c/sp18/css/balloon.css]
[inst.eecs.berkeley.edu/_cs61c/sp18/fullcalendar/fullcalendar.css]
[inst.eecs.berkeley.edu/_cs61c/sp18/fullcalendar/fullcalendar.print.css]
[inst.eecs.berkeley.edu/_cs61c/sp18/.html]
[inst.eecs.berkeley.edu/_cs61c/sp18/img/K&R.png]
[inst.eecs.berkeley.edu/_cs61c/sp18/policies.html]
[inst.eecs.berkeley.edu/icons/blank.gif]
[inst.eecs.berkeley.edu/icons/back.gif]
[inst.eecs.berkeley.edu/icons/image2.gif]
[inst.eecs.berkeley.edu/_cs61c/sp18/img/staff/andy_hidden.jpg]
[inst.eecs.berkeley.edu/_cs61c/sp18/img/staff/anna_hidden.jpg]
[inst.eecs.berkeley.edu/_cs61c/sp18/img/staff/ben_hidden.jpg]
[inst.eecs.berkeley.edu/_cs61c/sp18/img/staff/indexc052.html]
[inst.eecs.berkeley.edu/_cs61c/sp18/img/staff/bobdai_hidden.jpg]
[inst.eecs.berkeley.edu/_cs61c/sp18/img/staff/derek_hidden.jpg]
[inst.eecs.berkeley.edu/_cs61c/sp18/img/staff/dylan_hidden.jpg]
[inst.eecs.berkeley.edu/_cs61c/sp18/img/staff/indexf8a0.html]
[inst.eecs.berkeley.edu/_cs61c/sp18/img/staff/indexbfec.html]
[inst.eecs.berkeley.edu/_cs61c/sp18/img/staff/ehimare_hidden.jpg]
[inst.eecs.berkeley.edu/_cs61c/sp18/img/staff/irene_hidden.jpg]
[inst.eecs.berkeley.edu/_cs61c/sp18/img/staff/johnw_hidden.jpg]
[inst.eecs.berkeley.edu/_cs61c/sp18/img/staff/index30b5.html]
[inst.eecs.berkeley.edu/_cs61c/sp18/img/staff/johnw_hover.jpg]
[inst.eecs.berkeley.edu/_cs61c/sp18/img/staff/kevinma_hidden.jpg]
[inst.eecs.berkeley.edu/_cs61c/sp18/img/staff/morgan_hidden.jpg]
[inst.eecs.berkeley.edu/_cs61c/sp18/img/staff/nathan_hidden.jpg]
[inst.eecs.berkeley.edu/_cs61c/sp18/img/staff/nick_hidden.jpg]
[inst.eecs.berkeley.edu/_cs61c/sp18/img/index.html]
[inst.eecs.berkeley.edu/_cs61c/sp18/img/staff/nikhil_hidden.jpg]
[inst.eecs.berkeley.edu/_cs61c/sp18/img/staff/no-image_hidden.jpg]
[inst.eecs.berkeley.edu/_cs61c/sp18/img/staff/no-image_hover.jpg]
[inst.eecs.berkeley.edu/_cs61c/sp18/img/staff/nweaver_hidden.jpg]
[inst.eecs.berkeley.edu/_cs61c/sp18/img/staff/peijie_hidden.jpg]
[inst.eecs.berkeley.edu/_cs61c/sp18/img/staff/qijing_hidden.jpg]
[inst.eecs.berkeley.edu/_cs61c/sp18/img/staff/ryan_hidden.jpg]
[inst.eecs.berkeley.edu/_cs61c/sp18/img/staff/stevenc_hidden.jpg]
[inst.eecs.berkeley.edu/_cs61c/sp18/img/staff/tejas_hidden.jpg]
[inst.eecs.berkeley.edu/_cs61c/sp18/img/staff/index.html]
[inst.eecs.berkeley.edu/icons/layout.gif]
[inst.eecs.berkeley.edu/_cs61c/sp18/lec/01/lec01.pdf]
[inst.eecs.berkeley.edu/_cs61c/sp18/lec/01/index.html]
[inst.eecs.berkeley.edu/_cs61c/sp18/lec/01/indexc052.html]
[inst.eecs.berkeley.edu/_cs61c/sp18/lec/01/indexf8a0.html]
[inst.eecs.berkeley.edu/_cs61c/sp18/lec/01/indexbfec.html]
[inst.eecs.berkeley.edu/_cs61c/sp18/lec/01/index30b5.html]
[inst.eecs.berkeley.edu/_cs61c/sp18/disc/0/Disc0.pdf]
[inst.eecs.berkeley.edu/_cs61c/sp18/disc/0/index.html]
[inst.eecs.berkeley.edu/_cs61c/sp18/disc/0/Disc0Sol.pdf]
[inst.eecs.berkeley.edu/_cs61c/sp18/lec/index.html]
[inst.eecs.berkeley.edu/_cs61c/sp18/disc/0/indexc052.html]
[inst.eecs.berkeley.edu/_cs61c/sp18/hw/0/index.html]
[inst.eecs.berkeley.edu/_cs61c/sp18/disc/0/indexf8a0.html]
[inst.eecs.berkeley.edu/_cs61c/sp18/disc/0/indexbfec.html]
[inst.eecs.berkeley.edu/_cs61c/sp18/disc/0/index30b5.html]
[inst.eecs.berkeley.edu/_cs61c/sp18/lec/02/lec02.pdf]
[inst.eecs.berkeley.edu/_cs61c/sp18/lec/02/index.html]
[inst.eecs.berkeley.edu/_cs61c/sp18/disc/index.html]
[inst.eecs.berkeley.edu/_cs61c/sp18/lec/02/indexc052.html]
[inst.eecs.berkeley.edu/_cs61c/sp18/lec/02/indexf8a0.html]
[inst.eecs.berkeley.edu/_cs61c/sp18/lec/02/indexbfec.html]
[inst.eecs.berkeley.edu/_cs61c/sp18/lec/03/lec03.pdf]
[inst.eecs.berkeley.edu/_cs61c/sp18/lec/03/index.html]
[inst.eecs.berkeley.edu/_cs61c/sp18/lec/02/index30b5.html]
[inst.eecs.berkeley.edu/_cs61c/sp18/lec/03/indexc052.html]
[inst.eecs.berkeley.edu/_cs61c/sp18/lec/03/indexf8a0.html]
[inst.eecs.berkeley.edu/_cs61c/sp18/disc/1/Disc1.pdf]
[inst.eecs.berkeley.edu/_cs61c/sp18/disc/1/Disc1Sol.pdf]
[inst.eecs.berkeley.edu/_cs61c/sp18/disc/1/index.html]
[inst.eecs.berkeley.edu/_cs61c/sp18/lec/03/indexbfec.html]
[inst.eecs.berkeley.edu/_cs61c/sp18/lec/03/index30b5.html]
[inst.eecs.berkeley.edu/_cs61c/sp18/labs/style.css]
[inst.eecs.berkeley.edu/_cs61c/sp18/labs/0/index.html]
[inst.eecs.berkeley.edu/_cs61c/sp18/disc/1/indexc052.html]
[inst.eecs.berkeley.edu/_cs61c/sp18/disc/1/indexbfec.html]
[inst.eecs.berkeley.edu/_cs61c/sp18/disc/1/indexf8a0.html]
[inst.eecs.berkeley.edu/_cs61c/sp18/disc/1/index30b5.html]
[inst.eecs.berkeley.edu/_cs61c/sp18/projs/01/style.css]
[inst.eecs.berkeley.edu/_cs61c/sp18/projs/01/index.html]
[inst.eecs.berkeley.edu/_cs61c/sp18/lec/04/lec04.pdf]
[inst.eecs.berkeley.edu/_cs61c/sp18/lec/04/index.html]
[inst.eecs.berkeley.edu/_cs61c/sp18/lec/04/indexc052.html]
[inst.eecs.berkeley.edu/_cs61c/sp18/lec/04/indexf8a0.html]
[inst.eecs.berkeley.edu/_cs61c/sp18/lec/04/indexbfec.html]
[inst.eecs.berkeley.edu/_cs61c/sp18/lec/04/index30b5.html]
[inst.eecs.berkeley.edu/_cs61c/sp18/lec/05/lec05.pdf]
[inst.eecs.berkeley.edu/_cs61c/sp18/lec/05/index.html]
[inst.eecs.berkeley.edu/_cs61c/sp18/lec/05/indexc052.html]
[inst.eecs.berkeley.edu/_cs61c/sp18/lec/05/indexf8a0.html]
[inst.eecs.berkeley.edu/_cs61c/sp18/lec/05/indexbfec.html]
[inst.eecs.berkeley.edu/_cs61c/sp18/disc/2/Disc2.pdf]
[inst.eecs.berkeley.edu/_cs61c/sp18/disc/2/Disc2_Sol.pdf]
[inst.eecs.berkeley.edu/_cs61c/sp18/disc/2/index.html]
[inst.eecs.berkeley.edu/_cs61c/sp18/lec/05/index30b5.html]
[inst.eecs.berkeley.edu/_cs61c/sp18/disc/2/indexc052.html]
[inst.eecs.berkeley.edu/_cs61c/sp18/disc/2/indexf8a0.html]
[inst.eecs.berkeley.edu/_cs61c/sp18/labs/1/eccentric.c]
[inst.eecs.berkeley.edu/_cs61c/sp18/disc/2/index30b5.html]
[inst.eecs.berkeley.edu/_cs61c/sp18/disc/2/indexbfec.html]
[inst.eecs.berkeley.edu/_cs61c/sp18/labs/1/hello.c]
[inst.eecs.berkeley.edu/_cs61c/sp18/labs/1/ll_equal.c]
[inst.eecs.berkeley.edu/_cs61c/sp18/labs/1/interactive_hello.c]
[inst.eecs.berkeley.edu/_cs61c/sp18/labs/1/ll_cycle.c]
[inst.eecs.berkeley.edu/_cs61c/sp18/labs/1/index.html]
[inst.eecs.berkeley.edu/_cs61c/sp18/hw/1/index.html]
[inst.eecs.berkeley.edu/_cs61c/sp18/projs/02-1/style.css]
[inst.eecs.berkeley.edu/_cs61c/sp18/projs/02-1/index.html]
[inst.eecs.berkeley.edu/_cs61c/sp18/lec/06/lec06.pdf]
[inst.eecs.berkeley.edu/_cs61c/sp18/lec/06/index.html]
[inst.eecs.berkeley.edu/_cs61c/sp18/lec/06/indexc052.html]
[inst.eecs.berkeley.edu/_cs61c/sp18/lec/06/indexf8a0.html]
[inst.eecs.berkeley.edu/_cs61c/sp18/lec/06/indexbfec.html]
[inst.eecs.berkeley.edu/_cs61c/sp18/lec/06/index30b5.html]
[inst.eecs.berkeley.edu/_cs61c/sp18/lec/07/lec07.pdf]
[inst.eecs.berkeley.edu/_cs61c/sp18/lec/07/index.html]
[inst.eecs.berkeley.edu/_cs61c/sp18/lec/07/indexc052.html]
[inst.eecs.berkeley.edu/_cs61c/sp18/lec/07/indexf8a0.html]
[inst.eecs.berkeley.edu/_cs61c/sp18/lec/07/index30b5.html]
[inst.eecs.berkeley.edu/_cs61c/sp18/lec/07/indexbfec.html]
[inst.eecs.berkeley.edu/_cs61c/sp18/disc/3/Disc3.pdf]
[inst.eecs.berkeley.edu/_cs61c/sp18/disc/3/Disc3Sol.pdf]
[inst.eecs.berkeley.edu/_cs61c/sp18/disc/3/index.html]
[inst.eecs.berkeley.edu/_cs61c/sp18/disc/3/indexc052.html]
[inst.eecs.berkeley.edu/_cs61c/sp18/disc/3/indexf8a0.html]
[inst.eecs.berkeley.edu/_cs61c/sp18/disc/3/indexbfec.html]
[inst.eecs.berkeley.edu/_cs61c/sp18/labs/2/bit_ops.c]
[inst.eecs.berkeley.edu/_cs61c/sp18/disc/3/index30b5.html]
[inst.eecs.berkeley.edu/_cs61c/sp18/labs/2/lfsr.c]
[inst.eecs.berkeley.edu/_cs61c/sp18/labs/2/LFSR-S18.gif]
[inst.eecs.berkeley.edu/_cs61c/sp18/labs/2/index.html]
[inst.eecs.berkeley.edu/_cs61c/sp18/lec/08/lec08.pdf]
[inst.eecs.berkeley.edu/_cs61c/sp18/lec/08/index.html]
[inst.eecs.berkeley.edu/_cs61c/sp18/lec/08/indexc052.html]
[inst.eecs.berkeley.edu/_cs61c/sp18/lec/08/indexf8a0.html]
[inst.eecs.berkeley.edu/_cs61c/sp18/lec/08/indexbfec.html]
[inst.eecs.berkeley.edu/_cs61c/sp18/lec/08/index30b5.html]
[inst.eecs.berkeley.edu/_cs61c/sp18/disc/4/Disc4.pdf]
[inst.eecs.berkeley.edu/_cs61c/sp18/disc/4/Disc4_Sol.pdf]
[inst.eecs.berkeley.edu/_cs61c/sp18/disc/4/index.html]
[inst.eecs.berkeley.edu/_cs61c/sp18/disc/4/indexc052.html]
[inst.eecs.berkeley.edu/_cs61c/sp18/disc/4/indexf8a0.html]
[inst.eecs.berkeley.edu/_cs61c/sp18/disc/4/indexbfec.html]
[inst.eecs.berkeley.edu/_cs61c/sp18/labs/3/lab3_ex2_c.c]
[inst.eecs.berkeley.edu/_cs61c/sp18/disc/4/index30b5.html]
[inst.eecs.berkeley.edu/_cs61c/sp18/labs/3/index.html]
[inst.eecs.berkeley.edu/_cs61c/sp18/projs/02-2/style.css]
[inst.eecs.berkeley.edu/_cs61c/sp18/projs/02-2/index.html]
[inst.eecs.berkeley.edu/_cs61c/sp18/lec/09/lec09.pdf]
[inst.eecs.berkeley.edu/_cs61c/sp18/lec/09/index.html]
[inst.eecs.berkeley.edu/_cs61c/sp18/lec/09/indexf8a0.html]
[inst.eecs.berkeley.edu/_cs61c/sp18/lec/09/indexc052.html]
[inst.eecs.berkeley.edu/_cs61c/sp18/lec/09/indexbfec.html]
[inst.eecs.berkeley.edu/_cs61c/sp18/lec/10/lec10.pdf]
[inst.eecs.berkeley.edu/_cs61c/sp18/lec/10/index.html]
[inst.eecs.berkeley.edu/_cs61c/sp18/lec/09/index30b5.html]
[inst.eecs.berkeley.edu/_cs61c/sp18/lec/10/indexc052.html]
[inst.eecs.berkeley.edu/_cs61c/sp18/lec/10/indexf8a0.html]
[inst.eecs.berkeley.edu/_cs61c/sp18/lec/10/indexbfec.html]
[inst.eecs.berkeley.edu/_cs61c/sp18/disc/5/Disc5-Sol.pdf]
[inst.eecs.berkeley.edu/_cs61c/sp18/lec/10/index30b5.html]
[inst.eecs.berkeley.edu/_cs61c/sp18/disc/5/Disc5.pdf]
[inst.eecs.berkeley.edu/_cs61c/sp18/disc/5/index.html]
[inst.eecs.berkeley.edu/_cs61c/sp18/disc/5/indexc052.html]
[inst.eecs.berkeley.edu/_cs61c/sp18/disc/5/indexf8a0.html]
[inst.eecs.berkeley.edu/_cs61c/sp18/disc/5/indexbfec.html]
[inst.eecs.berkeley.edu/_cs61c/sp18/disc/5/index30b5.html]
[inst.eecs.berkeley.edu/_cs61c/sp18/labs/4/index.html]
[inst.eecs.berkeley.edu/_cs61c/sp18/hw/2/index.html]
[inst.eecs.berkeley.edu/_cs61c/sp18/lec/11/lec11.pdf]
[inst.eecs.berkeley.edu/_cs61c/sp18/lec/11/index.html]
[inst.eecs.berkeley.edu/_cs61c/sp18/lec/12/lec12.pdf]
[inst.eecs.berkeley.edu/_cs61c/sp18/lec/11/indexf8a0.html]
[inst.eecs.berkeley.edu/_cs61c/sp18/lec/11/indexc052.html]
[inst.eecs.berkeley.edu/_cs61c/sp18/lec/12/index.html]
[inst.eecs.berkeley.edu/_cs61c/sp18/lec/11/indexbfec.html]
[inst.eecs.berkeley.edu/_cs61c/sp18/lec/11/index30b5.html]
[inst.eecs.berkeley.edu/_cs61c/sp18/lec/12/indexc052.html]
[inst.eecs.berkeley.edu/_cs61c/sp18/lec/12/indexf8a0.html]
[inst.eecs.berkeley.edu/_cs61c/sp18/lec/12/indexbfec.html]
[inst.eecs.berkeley.edu/_cs61c/sp18/lec/12/index30b5.html]
[inst.eecs.berkeley.edu/_cs61c/sp18/disc/6/Disc6.pdf]
[inst.eecs.berkeley.edu/_cs61c/sp18/disc/6/Disc6Sol.pdf]
[inst.eecs.berkeley.edu/_cs61c/sp18/disc/6/index.html]
[inst.eecs.berkeley.edu/_cs61c/sp18/disc/6/indexc052.html]
[inst.eecs.berkeley.edu/_cs61c/sp18/disc/6/indexbfec.html]
[inst.eecs.berkeley.edu/_cs61c/sp18/disc/6/indexf8a0.html]
[inst.eecs.berkeley.edu/_cs61c/sp18/disc/6/index30b5.html]
[inst.eecs.berkeley.edu/_cs61c/sp18/projs/03-1/error_wire_2.png]
[inst.eecs.berkeley.edu/_cs61c/sp18/projs/03-1/index.html]
[inst.eecs.berkeley.edu/_cs61c/sp18/lec/13/lec13.pdf]
[inst.eecs.berkeley.edu/_cs61c/sp18/lec/13/index.html]
[inst.eecs.berkeley.edu/_cs61c/sp18/lec/14/lec14.pdf]
[inst.eecs.berkeley.edu/_cs61c/sp18/lec/13/indexf8a0.html]
[inst.eecs.berkeley.edu/_cs61c/sp18/lec/13/indexc052.html]
[inst.eecs.berkeley.edu/_cs61c/sp18/lec/14/index.html]
[inst.eecs.berkeley.edu/_cs61c/sp18/lec/13/indexbfec.html]
[inst.eecs.berkeley.edu/_cs61c/sp18/lec/13/index30b5.html]
[inst.eecs.berkeley.edu/_cs61c/sp18/lec/14/indexc052.html]
[inst.eecs.berkeley.edu/_cs61c/sp18/lec/14/indexf8a0.html]
[inst.eecs.berkeley.edu/_cs61c/sp18/disc/7/disc07.pdf]
[inst.eecs.berkeley.edu/_cs61c/sp18/lec/14/index30b5.html]
[inst.eecs.berkeley.edu/_cs61c/sp18/lec/14/indexbfec.html]
[inst.eecs.berkeley.edu/_cs61c/sp18/disc/7/indexc052.html]
[inst.eecs.berkeley.edu/_cs61c/sp18/disc/7/indexf8a0.html]
[inst.eecs.berkeley.edu/_cs61c/sp18/disc/7/disc07_sol.pdf]
[inst.eecs.berkeley.edu/_cs61c/sp18/disc/7/index.html]
[inst.eecs.berkeley.edu/_cs61c/sp18/labs/6/fsm.png]
[inst.eecs.berkeley.edu/_cs61c/sp18/disc/7/indexbfec.html]
[inst.eecs.berkeley.edu/_cs61c/sp18/disc/7/index30b5.html]
[inst.eecs.berkeley.edu/_cs61c/sp18/labs/6/index.html]
[inst.eecs.berkeley.edu/_cs61c/sp18/hw/3/index.html]
[inst.eecs.berkeley.edu/_cs61c/sp18/projs/03-2/style.css]
[inst.eecs.berkeley.edu/_cs61c/sp18/projs/03-2/instruction_format.png]
[inst.eecs.berkeley.edu/_cs61c/sp18/projs/03-2/error_wire.png]
[inst.eecs.berkeley.edu/_cs61c/sp18/projs/03-2/inst_mem.png]
[inst.eecs.berkeley.edu/_cs61c/sp18/projs/03-2/file_select.png]
[inst.eecs.berkeley.edu/_cs61c/sp18/projs/03-2/index.html]
[inst.eecs.berkeley.edu/_cs61c/sp18/lec/15/lec15.pdf]
[inst.eecs.berkeley.edu/_cs61c/sp18/lec/15/index.html]
[inst.eecs.berkeley.edu/_cs61c/sp18/lec/16/lec16.pdf]
[inst.eecs.berkeley.edu/_cs61c/sp18/lec/15/indexf8a0.html]
[inst.eecs.berkeley.edu/_cs61c/sp18/lec/15/indexc052.html]
[inst.eecs.berkeley.edu/_cs61c/sp18/lec/16/index.html]
[inst.eecs.berkeley.edu/_cs61c/sp18/lec/15/indexbfec.html]
[inst.eecs.berkeley.edu/_cs61c/sp18/lec/15/index30b5.html]
[inst.eecs.berkeley.edu/_cs61c/sp18/lec/16/indexc052.html]
[inst.eecs.berkeley.edu/_cs61c/sp18/lec/16/indexf8a0.html]
[inst.eecs.berkeley.edu/_cs61c/sp18/lec/16/indexbfec.html]
[inst.eecs.berkeley.edu/_cs61c/sp18/lec/16/index30b5.html]
[inst.eecs.berkeley.edu/_cs61c/sp18/disc/8/Disc8.pdf]
[inst.eecs.berkeley.edu/_cs61c/sp18/disc/8/Disc8Sol.pdf]
[inst.eecs.berkeley.edu/_cs61c/sp18/disc/8/index.html]
[inst.eecs.berkeley.edu/_cs61c/sp18/disc/8/indexc052.html]
[inst.eecs.berkeley.edu/_cs61c/sp18/disc/8/indexf8a0.html]
[inst.eecs.berkeley.edu/_cs61c/sp18/labs/7/matrixMultiply.c]
[inst.eecs.berkeley.edu/_cs61c/sp18/disc/8/indexbfec.html]
[inst.eecs.berkeley.edu/_cs61c/sp18/disc/8/index30b5.html]
[inst.eecs.berkeley.edu/_cs61c/sp18/labs/7/matTnorm.png]
[inst.eecs.berkeley.edu/_cs61c/sp18/labs/7/matTblock.png]
[inst.eecs.berkeley.edu/_cs61c/sp18/labs/7/transpose.c]
[inst.eecs.berkeley.edu/_cs61c/sp18/labs/7/index.html]
[inst.eecs.berkeley.edu/_cs61c/sp18/lec/17/lec17.pdf]
[inst.eecs.berkeley.edu/_cs61c/sp18/lec/17/index.html]
[inst.eecs.berkeley.edu/_cs61c/sp18/disc/9/09.pdf]
[inst.eecs.berkeley.edu/_cs61c/sp18/lec/17/indexc052.html]
[inst.eecs.berkeley.edu/_cs61c/sp18/lec/17/indexf8a0.html]
[inst.eecs.berkeley.edu/_cs61c/sp18/lec/17/index30b5.html]
[inst.eecs.berkeley.edu/_cs61c/sp18/lec/17/indexbfec.html]
[inst.eecs.berkeley.edu/_cs61c/sp18/disc/9/09_sol.pdf]
[inst.eecs.berkeley.edu/_cs61c/sp18/disc/9/index.html]
[inst.eecs.berkeley.edu/_cs61c/sp18/disc/9/indexc052.html]
[inst.eecs.berkeley.edu/_cs61c/sp18/lec/18/lec18.pdf]
[inst.eecs.berkeley.edu/_cs61c/sp18/lec/18/index.html]
[inst.eecs.berkeley.edu/_cs61c/sp18/lec/21/lec21.pdf]
[inst.eecs.berkeley.edu/_cs61c/sp18/disc/9/indexf8a0.html]
[inst.eecs.berkeley.edu/_cs61c/sp18/disc/9/indexbfec.html]
[inst.eecs.berkeley.edu/_cs61c/sp18/lec/21/index.html]
[inst.eecs.berkeley.edu/_cs61c/sp18/disc/9/index30b5.html]
[inst.eecs.berkeley.edu/_cs61c/sp18/lec/18/indexc052.html]
[inst.eecs.berkeley.edu/_cs61c/sp18/lec/18/indexf8a0.html]
[inst.eecs.berkeley.edu/_cs61c/sp18/lec/18/indexbfec.html]
[inst.eecs.berkeley.edu/_cs61c/sp18/lec/18/index30b5.html]
[inst.eecs.berkeley.edu/_cs61c/sp18/lec/21/indexc052.html]
[inst.eecs.berkeley.edu/_cs61c/sp18/disc/11/Disc11.pdf]
[inst.eecs.berkeley.edu/_cs61c/sp18/disc/11/Disc11Sol.pdf]
[inst.eecs.berkeley.edu/_cs61c/sp18/disc/11/index.html]
[inst.eecs.berkeley.edu/_cs61c/sp18/lec/21/indexf8a0.html]
[inst.eecs.berkeley.edu/_cs61c/sp18/lec/21/indexbfec.html]
[inst.eecs.berkeley.edu/_cs61c/sp18/labs/10/matmul.png]
[inst.eecs.berkeley.edu/_cs61c/sp18/labs/10/lab10-branch_prediction/randomized.c]
[inst.eecs.berkeley.edu/_cs61c/sp18/lec/21/index30b5.html]
[inst.eecs.berkeley.edu/_cs61c/sp18/labs/10/lab10-branch_prediction/sorted.c]
[inst.eecs.berkeley.edu/_cs61c/sp18/labs/10/index.html]
[inst.eecs.berkeley.edu/_cs61c/sp18/hw/4/index.html]
[inst.eecs.berkeley.edu/_cs61c/sp18/disc/11/indexc052.html]
[inst.eecs.berkeley.edu/_cs61c/sp18/disc/11/indexf8a0.html]
[inst.eecs.berkeley.edu/_cs61c/sp18/projs/04/style.css]
[inst.eecs.berkeley.edu/_cs61c/sp18/projs/04/index.html]
[inst.eecs.berkeley.edu/_cs61c/sp18/lec/22/lec20.pdf]
[inst.eecs.berkeley.edu/_cs61c/sp18/lec/22/index.html]
[inst.eecs.berkeley.edu/_cs61c/sp18/disc/11/indexbfec.html]
[inst.eecs.berkeley.edu/_cs61c/sp18/disc/11/index30b5.html]
[inst.eecs.berkeley.edu/_cs61c/sp18/lec/22/indexc052.html]
[inst.eecs.berkeley.edu/_cs61c/sp18/lec/22/indexf8a0.html]
[inst.eecs.berkeley.edu/_cs61c/sp18/lec/23/lec23.pdf]
[inst.eecs.berkeley.edu/_cs61c/sp18/lec/23/index.html]
[inst.eecs.berkeley.edu/_cs61c/sp18/lec/22/indexbfec.html]
[inst.eecs.berkeley.edu/_cs61c/sp18/lec/22/index30b5.html]
[inst.eecs.berkeley.edu/_cs61c/sp18/lec/23/indexc052.html]
[inst.eecs.berkeley.edu/_cs61c/sp18/lec/23/indexf8a0.html]
[inst.eecs.berkeley.edu/_cs61c/sp18/disc/12/disc12.pdf]
[inst.eecs.berkeley.edu/_cs61c/sp18/lec/23/indexbfec.html]
[inst.eecs.berkeley.edu/_cs61c/sp18/lec/23/index30b5.html]
[inst.eecs.berkeley.edu/_cs61c/sp18/disc/12/disc12_sol.pdf]
[inst.eecs.berkeley.edu/_cs61c/sp18/disc/12/index.html]
[inst.eecs.berkeley.edu/_cs61c/sp18/disc/12/indexc052.html]
[inst.eecs.berkeley.edu/_cs61c/sp18/disc/12/indexf8a0.html]
[inst.eecs.berkeley.edu/_cs61c/sp18/labs/11/forkjoin.jpg]
[inst.eecs.berkeley.edu/_cs61c/sp18/disc/12/index30b5.html]
[inst.eecs.berkeley.edu/_cs61c/sp18/disc/12/indexbfec.html]
[inst.eecs.berkeley.edu/_cs61c/sp18/labs/11/decomp.jpg]
[inst.eecs.berkeley.edu/_cs61c/sp18/labs/11/index.html]
[inst.eecs.berkeley.edu/_cs61c/sp18/lec/24/lec22.pdf]
[inst.eecs.berkeley.edu/_cs61c/sp18/lec/24/index.html]
[inst.eecs.berkeley.edu/_cs61c/sp18/lec/25/lec23.pdf]
[inst.eecs.berkeley.edu/_cs61c/sp18/lec/24/indexc052.html]
[inst.eecs.berkeley.edu/_cs61c/sp18/lec/24/indexf8a0.html]
[inst.eecs.berkeley.edu/_cs61c/sp18/lec/25/index.html]
[inst.eecs.berkeley.edu/_cs61c/sp18/lec/24/indexbfec.html]
[inst.eecs.berkeley.edu/_cs61c/sp18/lec/24/index30b5.html]
[inst.eecs.berkeley.edu/_cs61c/sp18/lec/25/indexc052.html]
[inst.eecs.berkeley.edu/_cs61c/sp18/lec/25/indexf8a0.html]
[inst.eecs.berkeley.edu/_cs61c/sp18/lec/25/index30b5.html]
[inst.eecs.berkeley.edu/_cs61c/sp18/lec/25/indexbfec.html]
[inst.eecs.berkeley.edu/_cs61c/sp18/disc/13/disc13.pdf]
[inst.eecs.berkeley.edu/_cs61c/sp18/disc/13/index.html]
[inst.eecs.berkeley.edu/_cs61c/sp18/disc/13/disc13_soln.pdf]
[inst.eecs.berkeley.edu/_cs61c/sp18/disc/13/indexc052.html]
[inst.eecs.berkeley.edu/_cs61c/sp18/disc/13/indexf8a0.html]
[inst.eecs.berkeley.edu/_cs61c/sp18/disc/13/indexbfec.html]
[inst.eecs.berkeley.edu/_cs61c/sp18/labs/12/Importer.java]
[inst.eecs.berkeley.edu/_cs61c/sp18/disc/13/index30b5.html]
[inst.eecs.berkeley.edu/_cs61c/sp18/labs/12/wordcount.py]
[inst.eecs.berkeley.edu/_cs61c/sp18/labs/12/docwordcount.py]
[inst.eecs.berkeley.edu/_cs61c/sp18/labs/12/index.html]
[inst.eecs.berkeley.edu/_cs61c/sp18/labs/12/index.py]
[inst.eecs.berkeley.edu/_cs61c/sp18/hw/5/index.html]
[inst.eecs.berkeley.edu/_cs61c/sp18/projs/05-01/style.css]
[inst.eecs.berkeley.edu/_cs61c/sp18/projs/05-01/overview.png]
[inst.eecs.berkeley.edu/_cs61c/sp18/projs/05-01/proj5-starter.tar]
[inst.eecs.berkeley.edu/_cs61c/sp18/projs/05-01/mnist4.png]
[inst.eecs.berkeley.edu/_cs61c/sp18/projs/05-01/index.html]
[inst.eecs.berkeley.edu/_cs61c/sp18/lec/26/lec24.pdf]
[inst.eecs.berkeley.edu/_cs61c/sp18/lec/26/index.html]
[inst.eecs.berkeley.edu/_cs61c/sp18/lec/26/indexc052.html]
[inst.eecs.berkeley.edu/_cs61c/sp18/lec/26/indexf8a0.html]
[inst.eecs.berkeley.edu/_cs61c/sp18/lec/26/indexbfec.html]
[inst.eecs.berkeley.edu/_cs61c/sp18/lec/26/index30b5.html]
[inst.eecs.berkeley.edu/_cs61c/sp18/lec/27/lec25.pdf]
[inst.eecs.berkeley.edu/_cs61c/sp18/lec/27/index.html]
[inst.eecs.berkeley.edu/_cs61c/sp18/lec/27/indexc052.html]
[inst.eecs.berkeley.edu/_cs61c/sp18/lec/27/indexf8a0.html]
[inst.eecs.berkeley.edu/_cs61c/sp18/lec/27/indexbfec.html]
[inst.eecs.berkeley.edu/_cs61c/sp18/disc/14/Disc14.pdf]
[inst.eecs.berkeley.edu/_cs61c/sp18/lec/27/index30b5.html]
[inst.eecs.berkeley.edu/_cs61c/sp18/disc/14/indexc052.html]
[inst.eecs.berkeley.edu/_cs61c/sp18/disc/14/Disc14Sol.pdf]
[inst.eecs.berkeley.edu/_cs61c/sp18/disc/14/index.html]
[inst.eecs.berkeley.edu/_cs61c/sp18/disc/14/indexf8a0.html]
[inst.eecs.berkeley.edu/_cs61c/sp18/disc/14/indexbfec.html]
[inst.eecs.berkeley.edu/_cs61c/sp18/disc/14/index30b5.html]
[inst.eecs.berkeley.edu/_cs61c/sp18/labs/13/Camera.jar]
[inst.eecs.berkeley.edu/_cs61c/sp18/labs/13/CameraHDPI.jar]
[inst.eecs.berkeley.edu/_cs61c/sp18/labs/13/vm.webm]
[inst.eecs.berkeley.edu/_cs61c/sp18/labs/13/index.html]
[inst.eecs.berkeley.edu/_cs61c/sp18/projs/05-02/style.css]
[inst.eecs.berkeley.edu/_cs61c/sp18/projs/05-01/index-2.html]
[inst.eecs.berkeley.edu/_cs61c/sp18/projs/05-02/proj5-testing.tar]
[inst.eecs.berkeley.edu/_cs61c/sp18/projs/05-02/proj5-impls.tar]
[inst.eecs.berkeley.edu/_cs61c/sp18/projs/05-02/index.html]
[inst.eecs.berkeley.edu/_cs61c/sp18/lec/28/indexf8a0.html]
[inst.eecs.berkeley.edu/_cs61c/sp18/lec/28/lec26.pdf]
[inst.eecs.berkeley.edu/_cs61c/sp18/lec/28/index.html]
[inst.eecs.berkeley.edu/_cs61c/sp18/lec/28/indexc052.html]
[inst.eecs.berkeley.edu/_cs61c/sp18/lec/28/indexbfec.html]
[inst.eecs.berkeley.edu/_cs61c/sp18/js/ie10-viewport-bug-workaround.html]
[inst.eecs.berkeley.edu/_cs61c/sp18/bootstrap-dist/fonts/glyphicons-halflings-regular.html]
[inst.eecs.berkeley.edu/_cs61c/sp18/bootstrap-dist/fonts/glyphicons-halflings-regular-2.html]
[inst.eecs.berkeley.edu/_cs61c/sp18/bootstrap-dist/fonts/glyphicons-halflings-regular.svg]
[inst.eecs.berkeley.edu/_cs61c/sp18/img/staff/indexc052.html]
[inst.eecs.berkeley.edu/_cs61c/sp18/lec/28/index30b5.html]
[inst.eecs.berkeley.edu/_cs61c/sp18/img/staff/indexb70a.html]
[inst.eecs.berkeley.edu/_cs61c/sp18/img/staff/indexf8a0.html]
[inst.eecs.berkeley.edu/_cs61c/sp18/img/staff/indexbfec.html]
[inst.eecs.berkeley.edu/_cs61c/sp18/img/staff/index72c9.html]
[inst.eecs.berkeley.edu/_cs61c/sp18/img/staff/index5851.html]
[inst.eecs.berkeley.edu/_cs61c/sp18/img/staff/index30b5.html]
[inst.eecs.berkeley.edu/_cs61c/sp18/img/dphoto2.jpg]
[inst.eecs.berkeley.edu/_cs61c/sp18/img/staff/indexad3f.html]
[inst.eecs.berkeley.edu/_cs61c/sp18/img/indexc052.html]
[inst.eecs.berkeley.edu/_cs61c/sp18/img/favicon.ico]
[inst.eecs.berkeley.edu/_cs61c/sp18/img/indexf8a0.html]
[inst.eecs.berkeley.edu/_cs61c/sp18/img/icon1.png]
[inst.eecs.berkeley.edu/_cs61c/sp18/img/icon2.png]
[inst.eecs.berkeley.edu/_cs61c/sp18/img/indexbfec.html]
[inst.eecs.berkeley.edu/_cs61c/sp18/img/piazza.jpg]
[inst.eecs.berkeley.edu/_cs61c/sp18/img/index30b5.html]
[inst.eecs.berkeley.edu/_cs61c/sp18/img/placeholder.jpg]
[inst.eecs.berkeley.edu/icons/folder.gif]
[inst.eecs.berkeley.edu/_cs61c/sp18/img/trie.jpg]
[inst.eecs.berkeley.edu/_cs61c/sp18/img/tst_1.jpg]
[inst.eecs.berkeley.edu/_cs61c/sp18/img/tst_2.jpg]
[inst.eecs.berkeley.edu/_cs61c/sp18/img/index.html]
[inst.eecs.berkeley.edu/_cs61c/sp18/lec/01/indexc052.html]
[inst.eecs.berkeley.edu/_cs61c/sp18/lec/01/indexf8a0.html]
[inst.eecs.berkeley.edu/_cs61c/sp18/lec/01/indexbfec.html]
[inst.eecs.berkeley.edu/_cs61c/sp18/lec/01/index72c9.html]
[inst.eecs.berkeley.edu/_cs61c/sp18/lec/01/indexb70a.html]
[inst.eecs.berkeley.edu/_cs61c/sp18/lec/01/index30b5.html]
[inst.eecs.berkeley.edu/_cs61c/sp18/lec/01/index5851.html]
[inst.eecs.berkeley.edu/_cs61c/sp18/lec/01/indexad3f.html]
[inst.eecs.berkeley.edu/_cs61c/sp18/lec/index-2.html]
[inst.eecs.berkeley.edu/_cs61c/sp18/lec/pagefooter.html]
[inst.eecs.berkeley.edu/_cs61c/sp18/lec/pageheader.html]
[inst.eecs.berkeley.edu/_cs61c/sp18/lec/index.html]
[inst.eecs.berkeley.edu/_cs61c/sp18/disc/0/indexc052.html]
[inst.eecs.berkeley.edu/_cs61c/sp18/disc/0/indexf8a0.html]
[inst.eecs.berkeley.edu/_cs61c/sp18/disc/0/indexbfec.html]
[inst.eecs.berkeley.edu/_cs61c/sp18/disc/0/index30b5.html]
[inst.eecs.berkeley.edu/_cs61c/sp18/disc/0/indexb70a.html]
[inst.eecs.berkeley.edu/_cs61c/sp18/disc/0/index72c9.html]
[inst.eecs.berkeley.edu/_cs61c/sp18/disc/0/index5851.html]
[inst.eecs.berkeley.edu/_cs61c/sp18/disc/0/indexad3f.html]
[inst.eecs.berkeley.edu/_cs61c/sp18/disc/index.html]
[inst.eecs.berkeley.edu/_cs61c/sp18/lec/02/indexc052.html]
[inst.eecs.berkeley.edu/_cs61c/sp18/lec/02/indexf8a0.html]
[inst.eecs.berkeley.edu/_cs61c/sp18/lec/02/indexbfec.html]
[inst.eecs.berkeley.edu/_cs61c/sp18/lec/02/index30b5.html]
[inst.eecs.berkeley.edu/_cs61c/sp18/lec/02/indexb70a.html]
[inst.eecs.berkeley.edu/_cs61c/sp18/lec/02/index72c9.html]
[inst.eecs.berkeley.edu/_cs61c/sp18/lec/02/index5851.html]
[inst.eecs.berkeley.edu/_cs61c/sp18/lec/02/indexad3f.html]
[inst.eecs.berkeley.edu/_cs61c/sp18/lec/03/indexc052.html]
[inst.eecs.berkeley.edu/_cs61c/sp18/lec/03/indexf8a0.html]
[inst.eecs.berkeley.edu/_cs61c/sp18/lec/03/indexbfec.html]
[inst.eecs.berkeley.edu/_cs61c/sp18/lec/03/index30b5.html]
[inst.eecs.berkeley.edu/_cs61c/sp18/lec/03/indexb70a.html]
[inst.eecs.berkeley.edu/_cs61c/sp18/lec/03/index72c9.html]
[inst.eecs.berkeley.edu/_cs61c/sp18/lec/03/index5851.html]
[inst.eecs.berkeley.edu/_cs61c/sp18/lec/03/indexad3f.html]
[inst.eecs.berkeley.edu/_cs61c/sp18/disc/1/indexc052.html]
[inst.eecs.berkeley.edu/_cs61c/sp18/disc/1/indexf8a0.html]
[inst.eecs.berkeley.edu/_cs61c/sp18/disc/1/indexbfec.html]
[inst.eecs.berkeley.edu/_cs61c/sp18/disc/1/index30b5.html]
[inst.eecs.berkeley.edu/_cs61c/sp18/disc/1/indexb70a.html]
[inst.eecs.berkeley.edu/_cs61c/sp18/disc/1/index72c9.html]
[inst.eecs.berkeley.edu/_cs61c/sp18/disc/1/index5851.html]
[inst.eecs.berkeley.edu/_cs61c/sp18/disc/1/indexad3f.html]
[inst.eecs.berkeley.edu/_cs61c/sp18/labs/style.css]
[inst.eecs.berkeley.edu/_cs61c/sp18/projs/01/style.css]
[inst.eecs.berkeley.edu/_cs61c/sp18/lec/04/indexc052.html]
[inst.eecs.berkeley.edu/_cs61c/sp18/lec/04/indexf8a0.html]
[inst.eecs.berkeley.edu/_cs61c/sp18/lec/04/indexbfec.html]
[inst.eecs.berkeley.edu/_cs61c/sp18/lec/04/index30b5.html]
[inst.eecs.berkeley.edu/_cs61c/sp18/lec/04/indexb70a.html]
[inst.eecs.berkeley.edu/_cs61c/sp18/lec/04/index72c9.html]
[inst.eecs.berkeley.edu/_cs61c/sp18/lec/04/index5851.html]
[inst.eecs.berkeley.edu/_cs61c/sp18/lec/04/indexad3f.html]
[inst.eecs.berkeley.edu/_cs61c/sp18/lec/05/indexc052.html]
[inst.eecs.berkeley.edu/_cs61c/sp18/lec/05/indexf8a0.html]
[inst.eecs.berkeley.edu/_cs61c/sp18/lec/05/indexbfec.html]
[inst.eecs.berkeley.edu/_cs61c/sp18/lec/05/index30b5.html]
[inst.eecs.berkeley.edu/_cs61c/sp18/lec/05/indexb70a.html]
[inst.eecs.berkeley.edu/_cs61c/sp18/lec/05/index72c9.html]
[inst.eecs.berkeley.edu/_cs61c/sp18/lec/05/index5851.html]
[inst.eecs.berkeley.edu/_cs61c/sp18/lec/05/indexad3f.html]
[inst.eecs.berkeley.edu/_cs61c/sp18/disc/2/indexc052.html]
[inst.eecs.berkeley.edu/_cs61c/sp18/disc/2/indexf8a0.html]
[inst.eecs.berkeley.edu/_cs61c/sp18/disc/2/indexbfec.html]
[inst.eecs.berkeley.edu/_cs61c/sp18/disc/2/index30b5.html]
[inst.eecs.berkeley.edu/_cs61c/sp18/disc/2/indexb70a.html]
[inst.eecs.berkeley.edu/_cs61c/sp18/disc/2/index5851.html]
[inst.eecs.berkeley.edu/_cs61c/sp18/disc/2/indexad3f.html]
[inst.eecs.berkeley.edu/_cs61c/sp18/projs/02-1/style.css]
[inst.eecs.berkeley.edu/_cs61c/sp18/lec/06/indexc052.html]
[inst.eecs.berkeley.edu/_cs61c/sp18/lec/06/indexf8a0.html]
[inst.eecs.berkeley.edu/_cs61c/sp18/lec/06/indexbfec.html]
[inst.eecs.berkeley.edu/_cs61c/sp18/disc/2/index72c9.html]
[inst.eecs.berkeley.edu/_cs61c/sp18/lec/06/index30b5.html]
[inst.eecs.berkeley.edu/_cs61c/sp18/lec/06/indexb70a.html]
[inst.eecs.berkeley.edu/_cs61c/sp18/lec/06/index72c9.html]
[inst.eecs.berkeley.edu/_cs61c/sp18/lec/06/index5851.html]
[inst.eecs.berkeley.edu/_cs61c/sp18/lec/07/indexc052.html]
[inst.eecs.berkeley.edu/_cs61c/sp18/lec/07/indexf8a0.html]
[inst.eecs.berkeley.edu/_cs61c/sp18/lec/07/indexbfec.html]
[inst.eecs.berkeley.edu/_cs61c/sp18/lec/06/indexad3f.html]
[inst.eecs.berkeley.edu/_cs61c/sp18/lec/07/index30b5.html]
[inst.eecs.berkeley.edu/_cs61c/sp18/lec/07/indexb70a.html]
[inst.eecs.berkeley.edu/_cs61c/sp18/lec/07/index72c9.html]
[inst.eecs.berkeley.edu/_cs61c/sp18/lec/07/index5851.html]
[inst.eecs.berkeley.edu/_cs61c/sp18/disc/3/indexc052.html]
[inst.eecs.berkeley.edu/_cs61c/sp18/disc/3/indexf8a0.html]
[inst.eecs.berkeley.edu/_cs61c/sp18/disc/3/indexbfec.html]
[inst.eecs.berkeley.edu/_cs61c/sp18/lec/07/indexad3f.html]
[inst.eecs.berkeley.edu/_cs61c/sp18/disc/3/index30b5.html]
[inst.eecs.berkeley.edu/_cs61c/sp18/disc/3/indexb70a.html]
[inst.eecs.berkeley.edu/_cs61c/sp18/disc/3/index72c9.html]
[inst.eecs.berkeley.edu/_cs61c/sp18/disc/3/index5851.html]
[inst.eecs.berkeley.edu/_cs61c/sp18/lec/08/indexc052.html]
[inst.eecs.berkeley.edu/_cs61c/sp18/lec/08/indexf8a0.html]
[inst.eecs.berkeley.edu/_cs61c/sp18/lec/08/indexbfec.html]
[inst.eecs.berkeley.edu/_cs61c/sp18/disc/3/indexad3f.html]
[inst.eecs.berkeley.edu/_cs61c/sp18/lec/08/index30b5.html]
[inst.eecs.berkeley.edu/_cs61c/sp18/lec/08/indexb70a.html]
[inst.eecs.berkeley.edu/_cs61c/sp18/lec/08/index72c9.html]
[inst.eecs.berkeley.edu/_cs61c/sp18/lec/08/index5851.html]
[inst.eecs.berkeley.edu/_cs61c/sp18/disc/4/indexc052.html]
[inst.eecs.berkeley.edu/_cs61c/sp18/disc/4/indexf8a0.html]
[inst.eecs.berkeley.edu/_cs61c/sp18/disc/4/indexbfec.html]
[inst.eecs.berkeley.edu/_cs61c/sp18/lec/08/indexad3f.html]
[inst.eecs.berkeley.edu/_cs61c/sp18/disc/4/index30b5.html]
[inst.eecs.berkeley.edu/_cs61c/sp18/disc/4/indexb70a.html]
[inst.eecs.berkeley.edu/_cs61c/sp18/disc/4/index72c9.html]
[inst.eecs.berkeley.edu/_cs61c/sp18/disc/4/index5851.html]
[inst.eecs.berkeley.edu/_cs61c/sp18/labs/3/lab3_ex1.html]
[inst.eecs.berkeley.edu/_cs61c/sp18/labs/3/lab3_ex2_assembly.html]
[inst.eecs.berkeley.edu/_cs61c/sp18/labs/3/factorial.html]
[inst.eecs.berkeley.edu/_cs61c/sp18/labs/3/list_map.html]
[inst.eecs.berkeley.edu/_cs61c/sp18/projs/02-2/style.css]
[inst.eecs.berkeley.edu/_cs61c/sp18/lec/09/indexc052.html]
[inst.eecs.berkeley.edu/_cs61c/sp18/lec/09/indexf8a0.html]
[inst.eecs.berkeley.edu/_cs61c/sp18/lec/09/indexbfec.html]
[inst.eecs.berkeley.edu/_cs61c/sp18/disc/4/indexad3f.html]
[inst.eecs.berkeley.edu/_cs61c/sp18/lec/09/index30b5.html]
[inst.eecs.berkeley.edu/_cs61c/sp18/lec/09/indexb70a.html]
[inst.eecs.berkeley.edu/_cs61c/sp18/lec/09/index72c9.html]
[inst.eecs.berkeley.edu/_cs61c/sp18/lec/09/index5851.html]
[inst.eecs.berkeley.edu/_cs61c/sp18/lec/10/indexc052.html]
[inst.eecs.berkeley.edu/_cs61c/sp18/lec/10/indexf8a0.html]
[inst.eecs.berkeley.edu/_cs61c/sp18/lec/10/indexbfec.html]
[inst.eecs.berkeley.edu/_cs61c/sp18/lec/09/indexad3f.html]
[inst.eecs.berkeley.edu/_cs61c/sp18/lec/10/index30b5.html]
[inst.eecs.berkeley.edu/_cs61c/sp18/lec/10/indexb70a.html]
[inst.eecs.berkeley.edu/_cs61c/sp18/lec/10/index72c9.html]
[inst.eecs.berkeley.edu/_cs61c/sp18/lec/10/index5851.html]
[inst.eecs.berkeley.edu/_cs61c/sp18/disc/5/indexc052.html]
[inst.eecs.berkeley.edu/_cs61c/sp18/disc/5/indexf8a0.html]
[inst.eecs.berkeley.edu/_cs61c/sp18/disc/5/indexbfec.html]
[inst.eecs.berkeley.edu/_cs61c/sp18/lec/10/indexad3f.html]
[inst.eecs.berkeley.edu/_cs61c/sp18/disc/5/index30b5.html]
[inst.eecs.berkeley.edu/_cs61c/sp18/disc/5/indexb70a.html]
[inst.eecs.berkeley.edu/_cs61c/sp18/disc/5/index72c9.html]
[inst.eecs.berkeley.edu/_cs61c/sp18/disc/5/index5851.html]
[inst.eecs.berkeley.edu/_cs61c/sp18/labs/4/megalistmanips.html]
[inst.eecs.berkeley.edu/_cs61c/sp18/labs/4/discrete_fn.html]
[inst.eecs.berkeley.edu/_cs61c/sp18/lec/11/indexc052.html]
[inst.eecs.berkeley.edu/_cs61c/sp18/lec/11/indexf8a0.html]
[inst.eecs.berkeley.edu/_cs61c/sp18/lec/11/indexbfec.html]
[inst.eecs.berkeley.edu/_cs61c/sp18/disc/5/indexad3f.html]
[inst.eecs.berkeley.edu/_cs61c/sp18/lec/11/index30b5.html]
[inst.eecs.berkeley.edu/_cs61c/sp18/lec/11/indexb70a.html]
[inst.eecs.berkeley.edu/_cs61c/sp18/lec/11/index72c9.html]
[inst.eecs.berkeley.edu/_cs61c/sp18/lec/11/index5851.html]
[inst.eecs.berkeley.edu/_cs61c/sp18/lec/12/indexc052.html]
[inst.eecs.berkeley.edu/_cs61c/sp18/lec/12/indexf8a0.html]
[inst.eecs.berkeley.edu/_cs61c/sp18/lec/12/indexbfec.html]
[inst.eecs.berkeley.edu/_cs61c/sp18/lec/11/indexad3f.html]
[inst.eecs.berkeley.edu/_cs61c/sp18/lec/12/index30b5.html]
[inst.eecs.berkeley.edu/_cs61c/sp18/lec/12/indexb70a.html]
[inst.eecs.berkeley.edu/_cs61c/sp18/lec/12/index72c9.html]
[inst.eecs.berkeley.edu/_cs61c/sp18/lec/12/index5851.html]
[inst.eecs.berkeley.edu/_cs61c/sp18/disc/6/indexc052.html]
[inst.eecs.berkeley.edu/_cs61c/sp18/disc/6/indexf8a0.html]
[inst.eecs.berkeley.edu/_cs61c/sp18/disc/6/indexbfec.html]
[inst.eecs.berkeley.edu/_cs61c/sp18/lec/12/indexad3f.html]
[inst.eecs.berkeley.edu/_cs61c/sp18/disc/6/index30b5.html]
[inst.eecs.berkeley.edu/_cs61c/sp18/disc/6/indexb70a.html]
[inst.eecs.berkeley.edu/_cs61c/sp18/disc/6/index72c9.html]
[inst.eecs.berkeley.edu/_cs61c/sp18/disc/6/index5851.html]
[inst.eecs.berkeley.edu/_cs61c/sp18/labs/5]
[inst.eecs.berkeley.edu/_cs61c/sp18/lec/13/indexc052.html]
[inst.eecs.berkeley.edu/_cs61c/sp18/lec/13/indexf8a0.html]
[inst.eecs.berkeley.edu/_cs61c/sp18/disc/6/indexad3f.html]
[inst.eecs.berkeley.edu/_cs61c/sp18/lec/13/indexbfec.html]
[inst.eecs.berkeley.edu/_cs61c/sp18/lec/13/indexb70a.html]
[inst.eecs.berkeley.edu/_cs61c/sp18/lec/13/index72c9.html]
[inst.eecs.berkeley.edu/_cs61c/sp18/labs/5/index.html]
[inst.eecs.berkeley.edu/_cs61c/sp18/lec/13/index30b5.html]
[inst.eecs.berkeley.edu/_cs61c/sp18/lec/14/indexc052.html]
[inst.eecs.berkeley.edu/_cs61c/sp18/lec/14/indexf8a0.html]
[inst.eecs.berkeley.edu/_cs61c/sp18/lec/13/index5851.html]
[inst.eecs.berkeley.edu/_cs61c/sp18/lec/14/indexbfec.html]
[inst.eecs.berkeley.edu/_cs61c/sp18/lec/13/indexad3f.html]
[inst.eecs.berkeley.edu/_cs61c/sp18/lec/14/indexb70a.html]
[inst.eecs.berkeley.edu/_cs61c/sp18/lec/14/index72c9.html]
[inst.eecs.berkeley.edu/_cs61c/sp18/lec/14/index30b5.html]
[inst.eecs.berkeley.edu/_cs61c/sp18/disc/7/indexc052.html]
[inst.eecs.berkeley.edu/_cs61c/sp18/disc/7/indexf8a0.html]
[inst.eecs.berkeley.edu/_cs61c/sp18/lec/14/index5851.html]
[inst.eecs.berkeley.edu/_cs61c/sp18/disc/7/indexbfec.html]
[inst.eecs.berkeley.edu/_cs61c/sp18/lec/14/indexad3f.html]
[inst.eecs.berkeley.edu/_cs61c/sp18/disc/7/indexb70a.html]
[inst.eecs.berkeley.edu/_cs61c/sp18/disc/7/index72c9.html]
[inst.eecs.berkeley.edu/_cs61c/sp18/disc/7/index30b5.html]
[inst.eecs.berkeley.edu/_cs61c/sp18/labs/6/pipeline.html]
[inst.eecs.berkeley.edu/_cs61c/sp18/labs/6/ROMdata.html]
[inst.eecs.berkeley.edu/_cs61c/sp18/projs/03-2/style.css]
[inst.eecs.berkeley.edu/_cs61c/sp18/lec/15/indexc052.html]
[inst.eecs.berkeley.edu/_cs61c/sp18/lec/15/indexf8a0.html]
[inst.eecs.berkeley.edu/_cs61c/sp18/disc/7/index5851.html]
[inst.eecs.berkeley.edu/_cs61c/sp18/lec/15/indexbfec.html]
[inst.eecs.berkeley.edu/_cs61c/sp18/disc/7/indexad3f.html]
[inst.eecs.berkeley.edu/_cs61c/sp18/lec/15/indexb70a.html]
[inst.eecs.berkeley.edu/_cs61c/sp18/lec/15/index72c9.html]
[inst.eecs.berkeley.edu/_cs61c/sp18/lec/15/index30b5.html]
[inst.eecs.berkeley.edu/_cs61c/sp18/lec/16/indexc052.html]
[inst.eecs.berkeley.edu/_cs61c/sp18/lec/16/indexf8a0.html]
[inst.eecs.berkeley.edu/_cs61c/sp18/lec/15/index5851.html]
[inst.eecs.berkeley.edu/_cs61c/sp18/lec/16/indexbfec.html]
[inst.eecs.berkeley.edu/_cs61c/sp18/lec/15/indexad3f.html]
[inst.eecs.berkeley.edu/_cs61c/sp18/lec/16/indexb70a.html]
[inst.eecs.berkeley.edu/_cs61c/sp18/lec/16/index72c9.html]
[inst.eecs.berkeley.edu/_cs61c/sp18/lec/16/index30b5.html]
[inst.eecs.berkeley.edu/_cs61c/sp18/disc/8/indexc052.html]
[inst.eecs.berkeley.edu/_cs61c/sp18/disc/8/indexf8a0.html]
[inst.eecs.berkeley.edu/_cs61c/sp18/lec/16/index5851.html]
[inst.eecs.berkeley.edu/_cs61c/sp18/disc/8/indexbfec.html]
[inst.eecs.berkeley.edu/_cs61c/sp18/lec/16/indexad3f.html]
[inst.eecs.berkeley.edu/_cs61c/sp18/disc/8/indexb70a.html]
[inst.eecs.berkeley.edu/_cs61c/sp18/disc/8/index72c9.html]
[inst.eecs.berkeley.edu/_cs61c/sp18/disc/8/index30b5.html]
[inst.eecs.berkeley.edu/_cs61c/sp18/labs/7/cache.html]
[inst.eecs.berkeley.edu/_cs61c/sp18/lec/17/indexc052.html]
[inst.eecs.berkeley.edu/_cs61c/sp18/lec/17/indexf8a0.html]
[inst.eecs.berkeley.edu/_cs61c/sp18/disc/8/index5851.html]
[inst.eecs.berkeley.edu/_cs61c/sp18/lec/17/indexbfec.html]
[inst.eecs.berkeley.edu/_cs61c/sp18/disc/8/indexad3f.html]
[inst.eecs.berkeley.edu/_cs61c/sp18/lec/17/indexb70a.html]
[inst.eecs.berkeley.edu/_cs61c/sp18/lec/17/index72c9.html]
[inst.eecs.berkeley.edu/_cs61c/sp18/lec/17/index30b5.html]
[inst.eecs.berkeley.edu/_cs61c/sp18/disc/9/indexc052.html]
[inst.eecs.berkeley.edu/_cs61c/sp18/disc/9/indexf8a0.html]
[inst.eecs.berkeley.edu/_cs61c/sp18/lec/17/index5851.html]
[inst.eecs.berkeley.edu/_cs61c/sp18/disc/9/indexbfec.html]
[inst.eecs.berkeley.edu/_cs61c/sp18/lec/17/indexad3f.html]
[inst.eecs.berkeley.edu/_cs61c/sp18/disc/9/indexb70a.html]
[inst.eecs.berkeley.edu/_cs61c/sp18/disc/9/index72c9.html]
[inst.eecs.berkeley.edu/_cs61c/sp18/disc/9/index30b5.html]
[inst.eecs.berkeley.edu/_cs61c/sp18/lec/18/indexc052.html]
[inst.eecs.berkeley.edu/_cs61c/sp18/lec/18/indexf8a0.html]
[inst.eecs.berkeley.edu/_cs61c/sp18/disc/9/index5851.html]
[inst.eecs.berkeley.edu/_cs61c/sp18/lec/18/indexbfec.html]
[inst.eecs.berkeley.edu/_cs61c/sp18/disc/9/indexad3f.html]
[inst.eecs.berkeley.edu/_cs61c/sp18/lec/18/indexb70a.html]
[inst.eecs.berkeley.edu/_cs61c/sp18/lec/18/index72c9.html]
[inst.eecs.berkeley.edu/_cs61c/sp18/lec/18/index30b5.html]
[inst.eecs.berkeley.edu/_cs61c/sp18/lec/21/indexc052.html]
[inst.eecs.berkeley.edu/_cs61c/sp18/lec/21/indexf8a0.html]
[inst.eecs.berkeley.edu/_cs61c/sp18/lec/18/index5851.html]
[inst.eecs.berkeley.edu/_cs61c/sp18/lec/21/indexbfec.html]
[inst.eecs.berkeley.edu/_cs61c/sp18/lec/18/indexad3f.html]
[inst.eecs.berkeley.edu/_cs61c/sp18/lec/21/indexb70a.html]
[inst.eecs.berkeley.edu/_cs61c/sp18/lec/21/index72c9.html]
[inst.eecs.berkeley.edu/_cs61c/sp18/lec/21/index30b5.html]
[inst.eecs.berkeley.edu/_cs61c/sp18/disc/11/indexc052.html]
[inst.eecs.berkeley.edu/_cs61c/sp18/disc/11/indexf8a0.html]
[inst.eecs.berkeley.edu/_cs61c/sp18/lec/21/index5851.html]
[inst.eecs.berkeley.edu/_cs61c/sp18/disc/11/indexbfec.html]
[inst.eecs.berkeley.edu/_cs61c/sp18/lec/21/indexad3f.html]
[inst.eecs.berkeley.edu/_cs61c/sp18/disc/11/indexb70a.html]
[inst.eecs.berkeley.edu/_cs61c/sp18/disc/11/index72c9.html]
[inst.eecs.berkeley.edu/_cs61c/sp18/disc/11/index30b5.html]
[inst.eecs.berkeley.edu/_cs61c/sp18/projs/04/style.css]
[inst.eecs.berkeley.edu/_cs61c/sp18/lec/22/indexc052.html]
[inst.eecs.berkeley.edu/_cs61c/sp18/lec/22/indexf8a0.html]
[inst.eecs.berkeley.edu/_cs61c/sp18/disc/11/index5851.html]
[inst.eecs.berkeley.edu/_cs61c/sp18/lec/22/indexbfec.html]
[inst.eecs.berkeley.edu/_cs61c/sp18/disc/11/indexad3f.html]
[inst.eecs.berkeley.edu/_cs61c/sp18/lec/22/indexb70a.html]
[inst.eecs.berkeley.edu/_cs61c/sp18/lec/22/index72c9.html]
[inst.eecs.berkeley.edu/_cs61c/sp18/lec/22/index30b5.html]
[inst.eecs.berkeley.edu/_cs61c/sp18/lec/23/indexc052.html]
[inst.eecs.berkeley.edu/_cs61c/sp18/lec/23/indexf8a0.html]
[inst.eecs.berkeley.edu/_cs61c/sp18/lec/22/index5851.html]
[inst.eecs.berkeley.edu/_cs61c/sp18/lec/23/indexbfec.html]
[inst.eecs.berkeley.edu/_cs61c/sp18/lec/22/indexad3f.html]
[inst.eecs.berkeley.edu/_cs61c/sp18/lec/23/indexb70a.html]
[inst.eecs.berkeley.edu/_cs61c/sp18/lec/23/index72c9.html]
[inst.eecs.berkeley.edu/_cs61c/sp18/lec/23/index30b5.html]
[inst.eecs.berkeley.edu/_cs61c/sp18/disc/12/indexc052.html]
[inst.eecs.berkeley.edu/_cs61c/sp18/disc/12/indexf8a0.html]
[inst.eecs.berkeley.edu/_cs61c/sp18/lec/23/index5851.html]
[inst.eecs.berkeley.edu/_cs61c/sp18/disc/12/indexbfec.html]
[inst.eecs.berkeley.edu/_cs61c/sp18/lec/23/indexad3f.html]
[inst.eecs.berkeley.edu/_cs61c/sp18/disc/12/indexb70a.html]
[inst.eecs.berkeley.edu/_cs61c/sp18/disc/12/index72c9.html]
[inst.eecs.berkeley.edu/_cs61c/sp18/disc/12/index30b5.html]
[inst.eecs.berkeley.edu/_cs61c/sp18/lec/24/indexc052.html]
[inst.eecs.berkeley.edu/_cs61c/sp18/lec/24/indexf8a0.html]
[inst.eecs.berkeley.edu/_cs61c/sp18/disc/12/index5851.html]
[inst.eecs.berkeley.edu/_cs61c/sp18/lec/24/indexbfec.html]
[inst.eecs.berkeley.edu/_cs61c/sp18/disc/12/indexad3f.html]
[inst.eecs.berkeley.edu/_cs61c/sp18/lec/24/indexb70a.html]
[inst.eecs.berkeley.edu/_cs61c/sp18/lec/24/index72c9.html]
[inst.eecs.berkeley.edu/_cs61c/sp18/lec/24/index30b5.html]
[inst.eecs.berkeley.edu/_cs61c/sp18/lec/25/indexc052.html]
[inst.eecs.berkeley.edu/_cs61c/sp18/lec/25/indexf8a0.html]
[inst.eecs.berkeley.edu/_cs61c/sp18/lec/24/index5851.html]
[inst.eecs.berkeley.edu/_cs61c/sp18/lec/24/indexad3f.html]
[inst.eecs.berkeley.edu/_cs61c/sp18/lec/25/indexb70a.html]
[inst.eecs.berkeley.edu/_cs61c/sp18/lec/25/index72c9.html]
[inst.eecs.berkeley.edu/_cs61c/sp18/lec/25/indexbfec.html]
[inst.eecs.berkeley.edu/_cs61c/sp18/lec/25/index30b5.html]
[inst.eecs.berkeley.edu/_cs61c/sp18/disc/13/indexc052.html]
[inst.eecs.berkeley.edu/_cs61c/sp18/disc/13/indexf8a0.html]
[inst.eecs.berkeley.edu/_cs61c/sp18/lec/25/index5851.html]
[inst.eecs.berkeley.edu/_cs61c/sp18/lec/25/indexad3f.html]
[inst.eecs.berkeley.edu/_cs61c/sp18/disc/13/indexb70a.html]
[inst.eecs.berkeley.edu/_cs61c/sp18/disc/13/index72c9.html]
[inst.eecs.berkeley.edu/_cs61c/sp18/disc/13/indexbfec.html]
[inst.eecs.berkeley.edu/_cs61c/sp18/disc/13/index30b5.html]
[inst.eecs.berkeley.edu/_cs61c/sp18/labs/12/Makefile.html]
[inst.eecs.berkeley.edu/_cs61c/sp18/projs/05-01/style.css]
[inst.eecs.berkeley.edu/_cs61c/sp18/lec/26/indexc052.html]
[inst.eecs.berkeley.edu/_cs61c/sp18/lec/26/indexf8a0.html]
[inst.eecs.berkeley.edu/_cs61c/sp18/disc/13/index5851.html]
[inst.eecs.berkeley.edu/_cs61c/sp18/lec/26/indexbfec.html]
[inst.eecs.berkeley.edu/_cs61c/sp18/lec/26/indexb70a.html]
[inst.eecs.berkeley.edu/_cs61c/sp18/lec/26/index72c9.html]
[inst.eecs.berkeley.edu/_cs61c/sp18/disc/13/indexad3f.html]
[inst.eecs.berkeley.edu/_cs61c/sp18/lec/26/index30b5.html]
[inst.eecs.berkeley.edu/_cs61c/sp18/lec/27/indexc052.html]
[inst.eecs.berkeley.edu/_cs61c/sp18/lec/27/indexf8a0.html]
[inst.eecs.berkeley.edu/_cs61c/sp18/lec/26/index5851.html]
[inst.eecs.berkeley.edu/_cs61c/sp18/lec/27/indexbfec.html]
[inst.eecs.berkeley.edu/_cs61c/sp18/lec/26/indexad3f.html]
[inst.eecs.berkeley.edu/_cs61c/sp18/lec/27/indexb70a.html]
[inst.eecs.berkeley.edu/_cs61c/sp18/lec/27/index72c9.html]
[inst.eecs.berkeley.edu/_cs61c/sp18/lec/27/index30b5.html]
[inst.eecs.berkeley.edu/_cs61c/sp18/disc/14/indexc052.html]
[inst.eecs.berkeley.edu/_cs61c/sp18/disc/14/indexf8a0.html]
[inst.eecs.berkeley.edu/_cs61c/sp18/lec/27/index5851.html]
[inst.eecs.berkeley.edu/_cs61c/sp18/disc/14/indexbfec.html]
[inst.eecs.berkeley.edu/_cs61c/sp18/lec/27/indexad3f.html]
[inst.eecs.berkeley.edu/_cs61c/sp18/disc/14/indexb70a.html]
[inst.eecs.berkeley.edu/_cs61c/sp18/disc/14/index72c9.html]
[inst.eecs.berkeley.edu/_cs61c/sp18/disc/14/index30b5.html]
[inst.eecs.berkeley.edu/_cs61c/sp18/projs/05-02/style.css]
[inst.eecs.berkeley.edu/_cs61c/sp18/projs/05-01/index-2.html]
[inst.eecs.berkeley.edu/_cs61c/sp18/lec/28/indexc052.html]
[inst.eecs.berkeley.edu/_cs61c/sp18/lec/28/indexf8a0.html]
[inst.eecs.berkeley.edu/_cs61c/sp18/disc/14/index5851.html]
[inst.eecs.berkeley.edu/_cs61c/sp18/lec/28/indexbfec.html]
[inst.eecs.berkeley.edu/_cs61c/sp18/disc/14/indexad3f.html]
[inst.eecs.berkeley.edu/_cs61c/sp18/lec/28/indexb70a.html]
[inst.eecs.berkeley.edu/_cs61c/sp18/lec/28/index72c9.html]
[inst.eecs.berkeley.edu/_cs61c/sp18/lec/28/index30b5.html]
[inst.eecs.berkeley.edu/_cs61c/sp18/img/staff/indexb70a.html]
[inst.eecs.berkeley.edu/_cs61c/sp18/img/staff/index72c9.html]
[inst.eecs.berkeley.edu/_cs61c/sp18/lec/28/index5851.html]
[inst.eecs.berkeley.edu/_cs61c/sp18/img/staff/index5851.html]
[inst.eecs.berkeley.edu/_cs61c/sp18/img/staff/indexad3f.html]
[inst.eecs.berkeley.edu/_cs61c/sp18/img/indexc052.html]
[inst.eecs.berkeley.edu/_cs61c/sp18/img/indexf8a0.html]
[inst.eecs.berkeley.edu/_cs61c/sp18/img/indexbfec.html]
[inst.eecs.berkeley.edu/_cs61c/sp18/lec/28/indexad3f.html]
[inst.eecs.berkeley.edu/_cs61c/sp18/img/index30b5.html]
[inst.eecs.berkeley.edu/_cs61c/sp18/img/indexb70a.html]
[inst.eecs.berkeley.edu/_cs61c/sp18/img/index72c9.html]
[inst.eecs.berkeley.edu/_cs61c/sp18/img/index5851.html]
[inst.eecs.berkeley.edu/_cs61c/sp18/lec/01/indexb70a.html]
[inst.eecs.berkeley.edu/_cs61c/sp18/lec/01/index72c9.html]
[inst.eecs.berkeley.edu/_cs61c/sp18/lec/01/index5851.html]
[inst.eecs.berkeley.edu/_cs61c/sp18/lec/01/indexad3f.html]
[inst.eecs.berkeley.edu/_cs61c/img/icon3.html]
[inst.eecs.berkeley.edu/_cs61c/bootstrap-dist/css/bootstrap.min.html]
[inst.eecs.berkeley.edu/_cs61c/css/navbar-fixed-top.html]
[inst.eecs.berkeley.edu/_cs61c/fullcalendar/fullcalendar.html]
[inst.eecs.berkeley.edu/_cs61c/fullcalendar/fullcalendar.print.html]
[inst.eecs.berkeley.edu/_cs61c/sp18/lec/staff.html]
[inst.eecs.berkeley.edu/_cs61c/sp18/lec/policies.html]
[inst.eecs.berkeley.edu/_cs61c/img/dphoto2_web.html]
[inst.eecs.berkeley.edu/_cs61c/img/P&H.html]
[inst.eecs.berkeley.edu/_cs61c/img/WSC.html]
[inst.eecs.berkeley.edu/_cs61c/img/K&R.html]
[inst.eecs.berkeley.edu/_cs61c/sp18/lec/index-2.html]
[inst.eecs.berkeley.edu/_cs61c/sp18/lec/pagefooter.html]
[inst.eecs.berkeley.edu/_cs61c/sp18/lec/pageheader.html]
[inst.eecs.berkeley.edu/_cs61c/fullcalendar/lib/moment.min.html]
[inst.eecs.berkeley.edu/_cs61c/fullcalendar/lib/jquery.min.html]
[inst.eecs.berkeley.edu/_cs61c/fullcalendar/fullcalendar.min.html]
[inst.eecs.berkeley.edu/_cs61c/fullcalendar/gcal.html]
[inst.eecs.berkeley.edu/_cs61c/weekly_schedule.html]
[inst.eecs.berkeley.edu/_cs61c/bootstrap-dist/js/bootstrap.min.html]
[inst.eecs.berkeley.edu/_cs61c/js/ie10-viewport-bug-workaround.html]
[inst.eecs.berkeley.edu/_cs61c/sp18/disc/0/indexb70a.html]
[inst.eecs.berkeley.edu/_cs61c/sp18/disc/0/index72c9.html]
[inst.eecs.berkeley.edu/_cs61c/sp18/disc/0/index5851.html]
[inst.eecs.berkeley.edu/_cs61c/sp18/disc/0/indexad3f.html]
[inst.eecs.berkeley.edu/_cs61c/sp18/disc/staff.html]
[inst.eecs.berkeley.edu/_cs61c/sp18/disc/policies.html]
[inst.eecs.berkeley.edu/_cs61c/sp18/lec/02/indexb70a.html]
[inst.eecs.berkeley.edu/_cs61c/sp18/lec/02/index72c9.html]
[inst.eecs.berkeley.edu/_cs61c/sp18/lec/02/index5851.html]
[inst.eecs.berkeley.edu/_cs61c/sp18/lec/02/indexad3f.html]
[inst.eecs.berkeley.edu/_cs61c/sp18/lec/03/indexb70a.html]
[inst.eecs.berkeley.edu/_cs61c/sp18/lec/03/index72c9.html]
[inst.eecs.berkeley.edu/_cs61c/sp18/lec/03/index5851.html]
[inst.eecs.berkeley.edu/_cs61c/sp18/lec/03/indexad3f.html]
[inst.eecs.berkeley.edu/_cs61c/sp18/disc/1/indexb70a.html]
[inst.eecs.berkeley.edu/_cs61c/sp18/disc/1/index72c9.html]
[inst.eecs.berkeley.edu/_cs61c/sp18/disc/1/index5851.html]
[inst.eecs.berkeley.edu/_cs61c/sp18/disc/1/indexad3f.html]
[inst.eecs.berkeley.edu/_cs61c/sp18/lec/04/indexb70a.html]
[inst.eecs.berkeley.edu/_cs61c/sp18/lec/04/index72c9.html]
[inst.eecs.berkeley.edu/_cs61c/sp18/lec/04/index5851.html]
[inst.eecs.berkeley.edu/_cs61c/sp18/lec/04/indexad3f.html]
[inst.eecs.berkeley.edu/_cs61c/sp18/lec/05/indexb70a.html]
[inst.eecs.berkeley.edu/_cs61c/sp18/lec/05/index72c9.html]
[inst.eecs.berkeley.edu/_cs61c/sp18/lec/05/index5851.html]
[inst.eecs.berkeley.edu/_cs61c/sp18/lec/05/indexad3f.html]
[inst.eecs.berkeley.edu/_cs61c/sp18/disc/2/indexb70a.html]
[inst.eecs.berkeley.edu/_cs61c/sp18/disc/2/index72c9.html]
[inst.eecs.berkeley.edu/_cs61c/sp18/disc/2/index5851.html]
[inst.eecs.berkeley.edu/_cs61c/sp18/disc/2/indexad3f.html]
[inst.eecs.berkeley.edu/_cs61c/sp18/lec/06/indexb70a.html]
[inst.eecs.berkeley.edu/_cs61c/sp18/lec/06/index72c9.html]
[inst.eecs.berkeley.edu/_cs61c/sp18/lec/06/index5851.html]
[inst.eecs.berkeley.edu/_cs61c/sp18/lec/06/indexad3f.html]
[inst.eecs.berkeley.edu/_cs61c/sp18/lec/07/indexb70a.html]
[inst.eecs.berkeley.edu/_cs61c/sp18/lec/07/index72c9.html]
[inst.eecs.berkeley.edu/_cs61c/sp18/lec/07/index5851.html]
[inst.eecs.berkeley.edu/_cs61c/sp18/lec/07/indexad3f.html]
[inst.eecs.berkeley.edu/_cs61c/sp18/disc/3/indexb70a.html]
[inst.eecs.berkeley.edu/_cs61c/sp18/disc/3/index72c9.html]
[inst.eecs.berkeley.edu/_cs61c/sp18/disc/3/index5851.html]
[inst.eecs.berkeley.edu/_cs61c/sp18/disc/3/indexad3f.html]
[inst.eecs.berkeley.edu/_cs61c/sp18/lec/08/indexb70a.html]
[inst.eecs.berkeley.edu/_cs61c/sp18/lec/08/index72c9.html]
[inst.eecs.berkeley.edu/_cs61c/sp18/lec/08/index5851.html]
[inst.eecs.berkeley.edu/_cs61c/sp18/lec/08/indexad3f.html]
[inst.eecs.berkeley.edu/_cs61c/sp18/disc/4/indexb70a.html]
[inst.eecs.berkeley.edu/_cs61c/sp18/disc/4/index72c9.html]
[inst.eecs.berkeley.edu/_cs61c/sp18/disc/4/index5851.html]
[inst.eecs.berkeley.edu/_cs61c/sp18/disc/4/indexad3f.html]
[inst.eecs.berkeley.edu/_cs61c/sp18/lec/09/indexb70a.html]
[inst.eecs.berkeley.edu/_cs61c/sp18/lec/09/index72c9.html]
[inst.eecs.berkeley.edu/_cs61c/sp18/lec/09/index5851.html]
[inst.eecs.berkeley.edu/_cs61c/sp18/lec/09/indexad3f.html]
[inst.eecs.berkeley.edu/_cs61c/sp18/lec/10/indexb70a.html]
[inst.eecs.berkeley.edu/_cs61c/sp18/lec/10/index72c9.html]
[inst.eecs.berkeley.edu/_cs61c/sp18/lec/10/index5851.html]
[inst.eecs.berkeley.edu/_cs61c/sp18/lec/10/indexad3f.html]
[inst.eecs.berkeley.edu/_cs61c/sp18/disc/5/indexb70a.html]
[inst.eecs.berkeley.edu/_cs61c/sp18/disc/5/index72c9.html]
[inst.eecs.berkeley.edu/_cs61c/sp18/disc/5/index5851.html]
[inst.eecs.berkeley.edu/_cs61c/sp18/disc/5/indexad3f.html]
[inst.eecs.berkeley.edu/_cs61c/sp18/lec/11/indexb70a.html]
[inst.eecs.berkeley.edu/_cs61c/sp18/lec/11/index72c9.html]
[inst.eecs.berkeley.edu/_cs61c/sp18/lec/11/index5851.html]
[inst.eecs.berkeley.edu/_cs61c/sp18/lec/11/indexad3f.html]
[inst.eecs.berkeley.edu/_cs61c/sp18/lec/12/indexb70a.html]
[inst.eecs.berkeley.edu/_cs61c/sp18/lec/12/index72c9.html]
[inst.eecs.berkeley.edu/_cs61c/sp18/lec/12/index5851.html]
[inst.eecs.berkeley.edu/_cs61c/sp18/lec/12/indexad3f.html]
[inst.eecs.berkeley.edu/_cs61c/sp18/disc/6/indexb70a.html]
[inst.eecs.berkeley.edu/_cs61c/sp18/disc/6/index72c9.html]
[inst.eecs.berkeley.edu/_cs61c/sp18/disc/6/index5851.html]
[inst.eecs.berkeley.edu/_cs61c/sp18/disc/6/indexad3f.html]
[inst.eecs.berkeley.edu/_cs61c/sp18/img/indexad3f.html]
[inst.eecs.berkeley.edu/_cs61c/sp18/labs/5/and.gif]
[inst.eecs.berkeley.edu/_cs61c/sp18/labs/5/input.gif]
[inst.eecs.berkeley.edu/_cs61c/sp18/labs/5/output.gif]
[inst.eecs.berkeley.edu/_cs61c/sp18/labs/5/schematic1.gif]
[inst.eecs.berkeley.edu/_cs61c/sp18/labs/5/selection.gif]
[inst.eecs.berkeley.edu/_cs61c/sp18/labs/5/schematic2.gif]
[inst.eecs.berkeley.edu/_cs61c/sp18/labs/5/poke.gif]
[inst.eecs.berkeley.edu/_cs61c/sp18/labs/5/arithmetic.gif]
[inst.eecs.berkeley.edu/_cs61c/sp18/labs/5/register.gif]
[inst.eecs.berkeley.edu/_cs61c/sp18/labs/5/AddMachine.png]
[inst.eecs.berkeley.edu/_cs61c/sp18/labs/5/FSM.png]
[inst.eecs.berkeley.edu/_cs61c/sp18/labs/5/tunnels1.png]
[inst.eecs.berkeley.edu/_cs61c/sp18/labs/5/tunnels2.png]
[inst.eecs.berkeley.edu/_cs61c/sp18/labs/5/tunnels3.png]
[inst.eecs.berkeley.edu/_cs61c/sp18/labs/5/tunnels4.png]
[inst.eecs.berkeley.edu/_cs61c/sp18/labs/5/extend1.png]
[inst.eecs.berkeley.edu/_cs61c/sp18/labs/5/extend2.png]
[inst.eecs.berkeley.edu/_cs61c/sp18/labs/5/extend3.png]
[inst.eecs.berkeley.edu/_cs61c/sp18/labs/5/extend4.png]
[inst.eecs.berkeley.edu/_cs61c/sp18/labs/5/splitter.gif]
[inst.eecs.berkeley.edu/_cs61c/sp18/labs/5/index.html]
[inst.eecs.berkeley.edu/_cs61c/sp18/lec/13/indexb70a.html]
[inst.eecs.berkeley.edu/_cs61c/sp18/lec/13/index72c9.html]
[inst.eecs.berkeley.edu/_cs61c/sp18/lec/13/index5851.html]
[inst.eecs.berkeley.edu/_cs61c/sp18/lec/13/indexad3f.html]
[inst.eecs.berkeley.edu/_cs61c/sp18/lec/14/indexb70a.html]
[inst.eecs.berkeley.edu/_cs61c/sp18/lec/14/index72c9.html]
[inst.eecs.berkeley.edu/_cs61c/sp18/lec/14/index5851.html]
[inst.eecs.berkeley.edu/_cs61c/sp18/lec/14/indexad3f.html]
[inst.eecs.berkeley.edu/_cs61c/sp18/disc/7/indexb70a.html]
[inst.eecs.berkeley.edu/_cs61c/sp18/disc/7/index72c9.html]
[inst.eecs.berkeley.edu/_cs61c/sp18/disc/7/index5851.html]
[inst.eecs.berkeley.edu/_cs61c/sp18/disc/7/indexad3f.html]
[inst.eecs.berkeley.edu/_cs61c/sp18/lec/15/indexb70a.html]
[inst.eecs.berkeley.edu/_cs61c/sp18/lec/15/index72c9.html]
[inst.eecs.berkeley.edu/_cs61c/sp18/lec/15/index5851.html]
[inst.eecs.berkeley.edu/_cs61c/sp18/lec/15/indexad3f.html]
[inst.eecs.berkeley.edu/_cs61c/sp18/lec/16/indexb70a.html]
[inst.eecs.berkeley.edu/_cs61c/sp18/lec/16/index72c9.html]
[inst.eecs.berkeley.edu/_cs61c/sp18/lec/16/index5851.html]
[inst.eecs.berkeley.edu/_cs61c/sp18/lec/16/indexad3f.html]
[inst.eecs.berkeley.edu/_cs61c/sp18/disc/8/indexb70a.html]
[inst.eecs.berkeley.edu/_cs61c/sp18/disc/8/index72c9.html]
[inst.eecs.berkeley.edu/_cs61c/sp18/disc/8/index5851.html]
[inst.eecs.berkeley.edu/_cs61c/sp18/disc/8/indexad3f.html]
[inst.eecs.berkeley.edu/_cs61c/sp18/lec/17/indexb70a.html]
[inst.eecs.berkeley.edu/_cs61c/sp18/lec/17/index72c9.html]
[inst.eecs.berkeley.edu/_cs61c/sp18/lec/17/index5851.html]
[inst.eecs.berkeley.edu/_cs61c/sp18/lec/17/indexad3f.html]
[inst.eecs.berkeley.edu/_cs61c/sp18/disc/9/indexb70a.html]
[inst.eecs.berkeley.edu/_cs61c/sp18/disc/9/index72c9.html]
[inst.eecs.berkeley.edu/_cs61c/sp18/disc/9/index5851.html]
[inst.eecs.berkeley.edu/_cs61c/sp18/disc/9/indexad3f.html]
[inst.eecs.berkeley.edu/_cs61c/sp18/lec/18/indexb70a.html]
[inst.eecs.berkeley.edu/_cs61c/sp18/lec/18/index72c9.html]
[inst.eecs.berkeley.edu/_cs61c/sp18/lec/18/index5851.html]
[inst.eecs.berkeley.edu/_cs61c/sp18/lec/18/indexad3f.html]
[inst.eecs.berkeley.edu/_cs61c/sp18/lec/21/indexb70a.html]
[inst.eecs.berkeley.edu/_cs61c/sp18/lec/21/index72c9.html]
[inst.eecs.berkeley.edu/_cs61c/sp18/lec/21/index5851.html]
[inst.eecs.berkeley.edu/_cs61c/sp18/lec/21/indexad3f.html]
[inst.eecs.berkeley.edu/_cs61c/sp18/disc/11/indexb70a.html]
[inst.eecs.berkeley.edu/_cs61c/sp18/disc/11/index72c9.html]
[inst.eecs.berkeley.edu/_cs61c/sp18/disc/11/index5851.html]
[inst.eecs.berkeley.edu/_cs61c/sp18/disc/11/indexad3f.html]
[inst.eecs.berkeley.edu/_cs61c/sp18/lec/22/indexb70a.html]
[inst.eecs.berkeley.edu/_cs61c/sp18/lec/22/index72c9.html]
[inst.eecs.berkeley.edu/_cs61c/sp18/lec/22/index5851.html]
[inst.eecs.berkeley.edu/_cs61c/sp18/lec/22/indexad3f.html]
[inst.eecs.berkeley.edu/_cs61c/sp18/lec/23/indexb70a.html]
[inst.eecs.berkeley.edu/_cs61c/sp18/lec/23/index72c9.html]
[inst.eecs.berkeley.edu/_cs61c/sp18/lec/23/index5851.html]
[inst.eecs.berkeley.edu/_cs61c/sp18/lec/23/indexad3f.html]
[inst.eecs.berkeley.edu/_cs61c/sp18/disc/12/indexb70a.html]
[inst.eecs.berkeley.edu/_cs61c/sp18/disc/12/index72c9.html]
[inst.eecs.berkeley.edu/_cs61c/sp18/disc/12/index5851.html]
[inst.eecs.berkeley.edu/_cs61c/sp18/disc/12/indexad3f.html]
[inst.eecs.berkeley.edu/_cs61c/sp18/lec/24/indexb70a.html]
[inst.eecs.berkeley.edu/_cs61c/sp18/lec/24/index72c9.html]
[inst.eecs.berkeley.edu/_cs61c/sp18/lec/24/index5851.html]
[inst.eecs.berkeley.edu/_cs61c/sp18/lec/24/indexad3f.html]
[inst.eecs.berkeley.edu/_cs61c/sp18/lec/25/indexb70a.html]
[inst.eecs.berkeley.edu/_cs61c/sp18/lec/25/index72c9.html]
[inst.eecs.berkeley.edu/_cs61c/sp18/lec/25/index5851.html]
[inst.eecs.berkeley.edu/_cs61c/sp18/lec/25/indexad3f.html]
[inst.eecs.berkeley.edu/_cs61c/sp18/disc/13/indexb70a.html]
[inst.eecs.berkeley.edu/_cs61c/sp18/disc/13/index72c9.html]
[inst.eecs.berkeley.edu/_cs61c/sp18/disc/13/index5851.html]
[inst.eecs.berkeley.edu/_cs61c/sp18/disc/13/indexad3f.html]
[inst.eecs.berkeley.edu/_cs61c/sp18/lec/26/indexb70a.html]
[inst.eecs.berkeley.edu/_cs61c/sp18/lec/26/index72c9.html]
[inst.eecs.berkeley.edu/_cs61c/sp18/lec/26/index5851.html]
[inst.eecs.berkeley.edu/_cs61c/sp18/lec/26/indexad3f.html]
[inst.eecs.berkeley.edu/_cs61c/sp18/lec/27/indexb70a.html]
[inst.eecs.berkeley.edu/_cs61c/sp18/lec/27/index72c9.html]
[inst.eecs.berkeley.edu/_cs61c/sp18/lec/27/index5851.html]
[inst.eecs.berkeley.edu/_cs61c/sp18/lec/27/indexad3f.html]
[inst.eecs.berkeley.edu/_cs61c/sp18/disc/14/indexb70a.html]
[inst.eecs.berkeley.edu/_cs61c/sp18/disc/14/index72c9.html]
[inst.eecs.berkeley.edu/_cs61c/sp18/disc/14/index5851.html]
[inst.eecs.berkeley.edu/_cs61c/sp18/disc/14/indexad3f.html]
[inst.eecs.berkeley.edu/_cs61c/sp18/lec/28/indexb70a.html]
[inst.eecs.berkeley.edu/_cs61c/sp18/lec/28/index72c9.html]
[inst.eecs.berkeley.edu/_cs61c/sp18/lec/28/index5851.html]
[inst.eecs.berkeley.edu/_cs61c/sp18/lec/28/indexad3f.html]
[inst.eecs.berkeley.edu/_cs61c/sp18/img/indexb70a.html]
[inst.eecs.berkeley.edu/_cs61c/sp18/img/index72c9.html]
[inst.eecs.berkeley.edu/_cs61c/sp18/img/index5851.html]
[inst.eecs.berkeley.edu/_cs61c/sp18/img/indexad3f.html]
