[www.eecs70.org/index.html]
[backblue.gif]
[fade.gif]
[index.html]
[code.jquery.com/jquery-2.2.4.min.js]
[maxcdn.bootstrapcdn.com/font-awesome/4.6.0/css/font-awesome.min.css]
[maxcdn.bootstrapcdn.com/bootstrap/3.3.6/css/bootstrap.min.css]
[cdn.jsdelivr.net/jquery.marquee/1.4.0/jquery.marquee.min.js]
[www.eecs70.org/css/style.min.css]
[www.eecs70.org/js/script.min.js]
[www.eecs70.org/calendar/index.html]
[www.eecs70.org/static/images/ayazifar.jpg]
[www.eecs70.org/resources/index.html]
[www.eecs70.org/static/images/rao.jpg]
[www.eecs70.org/syllabus/index.html]
[www.eecs70.org/staff/index.html]
[www.eecs70.org/static/notes/n0.pdf]
[www.eecs70.org/static/notes/n1.pdf]
[www.eecs70.org/static/notes/n2.pdf]
[www.eecs70.org/static/discussions/dis00a.pdf]
[www.eecs70.org/static/discussions/dis00a-sol.pdf]
[www.eecs70.org/static/discussions/dis00b.pdf]
[www.eecs70.org/static/discussions/dis00b-sol.pdf]
[www.eecs70.org/static/homeworks/hw00.pdf]
[www.eecs70.org/static/homeworks/hw00.tex]
[www.eecs70.org/static/homeworks/hw00-sol.pdf]
[www.eecs70.org/static/slides/lec-1-handout.pdf]
[www.eecs70.org/static/slides/lec-1.pdf]
[www.eecs70.org/static/slides/lec-1-6up.pdf]
[www.eecs70.org/static/slides/lec-2-handout.pdf]
[www.eecs70.org/static/slides/lec-2.pdf]
[www.eecs70.org/static/slides/lec-2-6up.pdf]
[www.eecs70.org/static/notes/n3.pdf]
[www.eecs70.org/static/notes/n4.pdf]
[www.eecs70.org/static/discussions/dis01a.pdf]
[www.eecs70.org/static/discussions/dis01a-sol.pdf]
[www.eecs70.org/static/discussions/dis01b.pdf]
[www.eecs70.org/static/discussions/dis01b-sol.pdf]
[www.eecs70.org/static/homeworks/hw01.pdf]
[www.eecs70.org/static/homeworks/hw01.tex]
[www.eecs70.org/static/homeworks/hw01-sol.pdf]
[www.eecs70.org/static/slides/lec-3-handout.pdf]
[www.eecs70.org/static/slides/lec-3.pdf]
[www.eecs70.org/static/slides/lec-3-6up.pdf]
[www.eecs70.org/static/slides/lec-4-handout.pdf]
[www.eecs70.org/static/slides/lec-4.pdf]
[www.eecs70.org/static/slides/lec-4-6up.pdf]
[www.eecs70.org/static/notes/n5.pdf]
[www.eecs70.org/static/discussions/dis02a.pdf]
[www.eecs70.org/static/discussions/dis02a-sol.pdf]
[www.eecs70.org/static/discussions/dis02b.pdf]
[www.eecs70.org/static/discussions/dis02b-sol.pdf]
[www.eecs70.org/static/homeworks/hw02.pdf]
[www.eecs70.org/static/homeworks/hw02.tex]
[www.eecs70.org/static/homeworks/hw02-sol.pdf]
[www.eecs70.org/static/slides/lec-5-handout.pdf]
[www.eecs70.org/static/slides/lec-5.pdf]
[www.eecs70.org/static/slides/lec-5-6up.pdf]
[www.eecs70.org/static/slides/lec-6-handout.pdf]
[www.eecs70.org/static/slides/lec-6.pdf]
[www.eecs70.org/static/slides/lec-6-6up.pdf]
[www.eecs70.org/static/notes/n6.pdf]
[www.eecs70.org/static/discussions/dis03a.pdf]
[www.eecs70.org/static/discussions/dis03a-sol.pdf]
[www.eecs70.org/static/discussions/dis03b.pdf]
[www.eecs70.org/static/discussions/dis03b-sol.pdf]
[www.eecs70.org/static/homeworks/hw03.pdf]
[www.eecs70.org/static/homeworks/hw03.tex]
[www.eecs70.org/static/homeworks/hw03-sol.pdf]
[www.eecs70.org/static/homeworks/hw04.pdf]
[www.eecs70.org/static/homeworks/hw04.tex]
[www.eecs70.org/static/homeworks/hw04-sol.pdf]
[www.eecs70.org/static/slides/lec-7-handout.pdf]
[www.eecs70.org/static/slides/lec-7.pdf]
[www.eecs70.org/static/slides/lec-7-6up.pdf]
[www.eecs70.org/static/slides/lec-8-handout.pdf]
[www.eecs70.org/static/slides/lec-8.pdf]
[www.eecs70.org/static/slides/lec-8-6up.pdf]
[www.eecs70.org/static/notes/n7.pdf]
[www.eecs70.org/static/discussions/dis04b.pdf]
[www.eecs70.org/static/discussions/dis04b-sol.pdf]
[www.eecs70.org/static/slides/lec-9-handout.pdf]
[www.eecs70.org/static/slides/lec-9.pdf]
[www.eecs70.org/static/slides/lec-9-6up.pdf]
[www.eecs70.org/static/notes/n8.pdf]
[www.eecs70.org/static/notes/n9.pdf]
[www.eecs70.org/static/discussions/dis05a.pdf]
[www.eecs70.org/static/discussions/dis05a-sol.pdf]
[www.eecs70.org/static/discussions/dis05b.pdf]
[www.eecs70.org/static/discussions/dis05b-sol.pdf]
[www.eecs70.org/static/homeworks/hw05.pdf]
[www.eecs70.org/static/homeworks/hw05.tex]
[www.eecs70.org/static/homeworks/hw05-sol.pdf]
[www.eecs70.org/static/slides/lec-10-handout.pdf]
[www.eecs70.org/static/slides/lec-10.pdf]
[www.eecs70.org/static/slides/lec-10-6up.pdf]
[www.eecs70.org/static/slides/lec-11-handout.pdf]
[www.eecs70.org/static/slides/lec-11.pdf]
[www.eecs70.org/static/slides/lec-11-6up.pdf]
[www.eecs70.org/static/notes/n10.pdf]
[www.eecs70.org/static/notes/n11.pdf]
[www.eecs70.org/static/notes/n12.pdf]
[www.eecs70.org/static/discussions/dis06a.pdf]
[www.eecs70.org/static/discussions/dis06a-sol.pdf]
[www.eecs70.org/static/discussions/dis06b.pdf]
[www.eecs70.org/static/discussions/dis06b-sol.pdf]
[www.eecs70.org/static/homeworks/hw06.pdf]
[www.eecs70.org/static/homeworks/hw06.tex]
[www.eecs70.org/static/homeworks/hw06-sol.pdf]
[www.eecs70.org/static/slides/lec-12-handout.pdf]
[www.eecs70.org/static/slides/lec-12.pdf]
[www.eecs70.org/static/slides/lec-12-6up.pdf]
[www.eecs70.org/static/slides/lec-13-handout.pdf]
[www.eecs70.org/static/slides/lec-13.pdf]
[www.eecs70.org/static/slides/lec-13-6up.pdf]
[www.eecs70.org/static/notes/n13.pdf]
[www.eecs70.org/static/notes/n14.pdf]
[www.eecs70.org/static/discussions/dis07a.pdf]
[www.eecs70.org/static/discussions/dis07a-sol.pdf]
[www.eecs70.org/static/discussions/dis07b.pdf]
[www.eecs70.org/static/discussions/dis07b-sol.pdf]
[www.eecs70.org/static/homeworks/hw07.pdf]
[www.eecs70.org/static/homeworks/hw07.tex]
[www.eecs70.org/static/homeworks/hw07-sol.pdf]
[www.eecs70.org/static/slides/lec-14-handout.pdf]
[www.eecs70.org/static/slides/lec-14.pdf]
[www.eecs70.org/static/slides/lec-14-6up.pdf]
[www.eecs70.org/static/slides/lec-15-handout.pdf]
[www.eecs70.org/static/slides/lec-15.pdf]
[www.eecs70.org/static/slides/lec-15-6up.pdf]
[www.eecs70.org/static/notes/n15.pdf]
[www.eecs70.org/static/notes/n16.pdf]
[www.eecs70.org/static/discussions/dis08a.pdf]
[www.eecs70.org/static/discussions/dis08a-sol.pdf]
[www.eecs70.org/static/discussions/dis08b.pdf]
[www.eecs70.org/static/discussions/dis08b-sol.pdf]
[www.eecs70.org/static/homeworks/hw08.pdf]
[www.eecs70.org/static/homeworks/hw08.tex]
[www.eecs70.org/static/homeworks/hw08-sol.pdf]
[www.eecs70.org/static/notes/n17.pdf]
[www.eecs70.org/static/notes/n19.pdf]
[www.eecs70.org/static/discussions/dis09a.pdf]
[www.eecs70.org/static/discussions/dis09a-sol.pdf]
[www.eecs70.org/static/discussions/dis09b.pdf]
[www.eecs70.org/static/discussions/dis09b-sol.pdf]
[www.eecs70.org/static/homeworks/hw09.pdf]
[www.eecs70.org/static/homeworks/hw09.tex]
[www.eecs70.org/static/homeworks/hw09-sol.pdf]
[www.eecs70.org/static/notes/n20.pdf]
[www.eecs70.org/static/discussions/dis10a.pdf]
[www.eecs70.org/static/discussions/dis10a-sol.pdf]
[www.eecs70.org/static/discussions/dis10b.pdf]
[www.eecs70.org/static/discussions/dis10b-sol.pdf]
[www.eecs70.org/static/homeworks/hw10.pdf]
[www.eecs70.org/static/homeworks/hw10.tex]
[www.eecs70.org/static/homeworks/hw10-sol.pdf]
[www.eecs70.org/static/discussions/dis11a.pdf]
[www.eecs70.org/static/discussions/dis11a-sol.pdf]
[www.eecs70.org/static/discussions/dis11b.pdf]
[www.eecs70.org/static/discussions/dis11b-sol.pdf]
[www.eecs70.org/static/homeworks/hw11.pdf]
[www.eecs70.org/static/homeworks/hw11.tex]
[www.eecs70.org/static/homeworks/hw11-sol.pdf]
[www.eecs70.org/static/notes/n18.pdf]
[www.eecs70.org/static/notes/n26.pdf]
[www.eecs70.org/static/discussions/dis12a.pdf]
[www.eecs70.org/static/discussions/dis12a-sol.pdf]
[www.eecs70.org/static/discussions/dis12b.pdf]
[www.eecs70.org/static/discussions/dis12b-sol.pdf]
[www.eecs70.org/static/homeworks/hw12.pdf]
[www.eecs70.org/static/homeworks/hw12.tex]
[www.eecs70.org/static/homeworks/hw12-sol.pdf]
[www.eecs70.org/static/notes/n24.pdf]
[www.eecs70.org/static/discussions/dis13a.pdf]
[www.eecs70.org/static/discussions/dis13a-sol.pdf]
[www.eecs70.org/static/discussions/dis13b.pdf]
[www.eecs70.org/static/discussions/dis13b-sol.pdf]
[www.eecs70.org/static/homeworks/hw13.pdf]
[www.eecs70.org/static/homeworks/hw13.tex]
[www.eecs70.org/static/homeworks/hw13-sol.pdf]
[www.eecs70.org/static/notes/n25a.pdf]
[www.eecs70.org/static/notes/n25b.pdf]
[www.eecs70.org/static/homeworks/hw14.pdf]
[www.eecs70.org/static/homeworks/hw14.tex]
[www.eecs70.org/static/homeworks/hw14-sol.pdf]
[www.eecs70.org/static/notes/n0.html]
[www.eecs70.org/static/notes/n1.html]
[www.eecs70.org/static/notes/n2.html]
[www.eecs70.org/static/notes/n3.html]
[www.eecs70.org/static/notes/n4.html]
[www.eecs70.org/static/notes/n5.html]
[www.eecs70.org/static/notes/n6.html]
[www.eecs70.org/static/notes/n7.html]
[www.eecs70.org/static/notes/n8.html]
[www.eecs70.org/static/notes/n9.html]
[www.eecs70.org/static/notes/n10.html]
[www.eecs70.org/static/notes/n11.html]
[www.eecs70.org/static/notes/n12.html]
[www.eecs70.org/static/notes/n13.html]
[www.eecs70.org/static/notes/n14.html]
[www.eecs70.org/static/notes/n15.html]
[www.eecs70.org/static/notes/n16.html]
[www.eecs70.org/static/notes/n17.html]
[www.eecs70.org/static/notes/n18.html]
[www.eecs70.org/static/notes/n19.html]
[www.eecs70.org/static/notes/n20.html]
[www.eecs70.org/static/notes/n24.html]
[www.eecs70.org/static/notes/n25a.html]
[www.eecs70.org/static/notes/n25b.html]
[www.eecs70.org/static/notes/n26.html]
[www.eecs70.org/index.html]
[maxcdn.bootstrapcdn.com/font-awesome/4.6.0/css/font-awesome.min.css]
[maxcdn.bootstrapcdn.com/bootstrap/3.3.6/css/bootstrap.min.css]
[www.eecs70.org/css/style.min.css]
[www.eecs70.org/calendar/index.html]
[www.eecs70.org/static/resources/puzzles.pdf]
[www.eecs70.org/static/resources/puzzles-sol.pdf]
[www.eecs70.org/static/resources/background.pdf]
[www.eecs70.org/static/resources/charlie-axiom.pdf]
[www.eecs70.org/static/resources/hongling-logic.pdf]
[www.eecs70.org/static/resources/hongling-proofs.pdf]
[www.eecs70.org/static/resources/hongling-sma.pdf]
[www.eecs70.org/static/resources/hongling-graphs.pdf]
[www.eecs70.org/static/resources/yuxiang-crt.pdf]
[www.eecs70.org/static/resources/quantum-factoring.pdf]
[www.eecs70.org/static/resources/digital-cash.pdf]
[www.eecs70.org/static/resources/combinatorial-proofs.pdf]
[www.eecs70.org/static/resources/andrew-combinatorial.pdf]
[www.eecs70.org/static/resources/margaret-finicky.pdf]
[www.eecs70.org/static/resources/margaret-binomial.pdf]
[www.eecs70.org/static/resources/margaret-loe.pdf]
[www.eecs70.org/static/resources/vegas.pdf]
[www.eecs70.org/static/resources/confidence-intervals.ipynb]
[www.eecs70.org/static/resources/vincent-12b.pdf]
[www.eecs70.org/static/resources/regression.pdf]
[www.eecs70.org/static/resources/markov-chains-michael.pdf]
[www.eecs70.org/static/resources/yujie-markov-chains.pdf]
[www.eecs70.org/static/resources/vincent-13a.pdf]
[www.eecs70.org/static/resources/vincent-13b.pdf]
[www.eecs70.org/static/resources/multivariable.pdf]
[www.eecs70.org/static/resources/vincent-14a.pdf]
[www.eecs70.org/static/resources/vincent-14b.pdf]
[www.eecs70.org/static/resources/yuxiang-concept.pdf]
[www.eecs70.org/static/resources/yuxiang-concept-sol.pdf]
[www.eecs70.org/resources/index.html]
[www.eecs70.org/syllabus/index.html]
[www.eecs70.org/static/images/courtney.jpg]
[www.eecs70.org/static/images/kabir.png]
[www.eecs70.org/static/images/james.jpg]
[www.eecs70.org/static/images/jerry.jpg]
[www.eecs70.org/static/images/shreyas.jpg]
[www.eecs70.org/static/images/cynthia.jpg]
[www.eecs70.org/static/images/michelle.jpg]
[www.eecs70.org/static/images/aaronsy.jpg]
[www.eecs70.org/static/images/andyzhang.jpg]
[www.eecs70.org/static/images/anna.jpg]
[www.eecs70.org/static/images/benjamin.jpg]
[www.eecs70.org/static/images/danielho.jpg]
[www.eecs70.org/static/images/david.jpg]
[www.eecs70.org/static/images/edward.jpg]
[www.eecs70.org/static/images/isla.jpg]
[www.eecs70.org/static/images/jonathanlin.jpg]
[www.eecs70.org/static/images/jonathanxia.jpg]
[www.eecs70.org/static/images/kevin.png]
[www.eecs70.org/static/images/nikunj.png]
[www.eecs70.org/static/images/serena.png]
[www.eecs70.org/static/images/yiming.jpg]
[www.eecs70.org/staff/index.html]
[cdn.mathjax.org/mathjax/latest/MathJax2ba6.js]
[www.eecs70.org/static/notes/n0.html]
[www.eecs70.org/static/notes/n1-circuit.png]
[www.eecs70.org/static/notes/n1-nand.png]
[www.eecs70.org/static/notes/n1-not.png]
[www.eecs70.org/static/notes/n1.html]
[www.eecs70.org/static/notes/n2.html]
[www.eecs70.org/static/notes/n3-induction.png]
[www.eecs70.org/static/notes/n3-2-color-4.png]
[www.eecs70.org/static/notes/n3-2-color-5.png]
[www.eecs70.org/static/notes/n3.html]
[www.eecs70.org/static/notes/n4.html]
[www.eecs70.org/static/notes/n5-bridges.png]
[www.eecs70.org/static/notes/n5-graph-1.png]
[www.eecs70.org/static/notes/n5-graph-2.png]
[www.eecs70.org/static/notes/n5-graph-3.png]
[www.eecs70.org/static/notes/n5-tree-0.png]
[www.eecs70.org/static/notes/n5-graphs-5.png]
[www.eecs70.org/static/notes/n5-graphs-1.jpg]
[www.eecs70.org/static/notes/n5-nonplanar.png]
[www.eecs70.org/static/notes/n5-graphs-4.jpg]
[www.eecs70.org/static/notes/n5-complete.png]
[www.eecs70.org/static/notes/n5-tree-1.png]
[www.eecs70.org/static/notes/n5-tree.png]
[www.eecs70.org/static/notes/n5-hypercube.png]
[www.eecs70.org/static/notes/n5-debruijn.png]
[www.eecs70.org/static/notes/n5-debruijn-2.png]
[www.eecs70.org/static/notes/n5.html]
[www.eecs70.org/static/notes/n6.html]
[www.eecs70.org/static/notes/n7-bij.png]
[www.eecs70.org/static/notes/n7.html]
[www.eecs70.org/static/notes/n8-quad.png]
[www.eecs70.org/static/notes/n8-line1.jpg]
[www.eecs70.org/static/notes/n8-line3.jpg]
[www.eecs70.org/static/notes/n8-graph2.jpg]
[www.eecs70.org/static/notes/n8-graph3.jpg]
[www.eecs70.org/static/notes/n8.html]
[www.eecs70.org/static/notes/n9-erasure.png]
[www.eecs70.org/static/notes/n9-general.png]
[www.eecs70.org/static/notes/n9-packets0.png]
[www.eecs70.org/static/notes/n9-packets3.jpg]
[www.eecs70.org/static/notes/n9-generalex.png]
[www.eecs70.org/static/notes/n9.html]
[www.eecs70.org/static/notes/n10-bijection-1.png]
[www.eecs70.org/static/notes/n10-spiral.png]
[www.eecs70.org/static/notes/n10-rationals.png]
[www.eecs70.org/static/notes/n10-cantor.png]
[www.eecs70.org/static/notes/n10-cantor-3.png]
[www.eecs70.org/static/notes/n10-cantor-set.png]
[www.eecs70.org/static/notes/n10-cantor-2.png]
[www.eecs70.org/static/notes/n10.html]
[www.eecs70.org/static/notes/n11-halt-3.png]
[www.eecs70.org/static/notes/n11.html]
[www.eecs70.org/static/notes/n12-counting.png]
[www.eecs70.org/static/notes/n12-counting-2.png]
[www.eecs70.org/static/notes/n12-coinflip.png]
[www.eecs70.org/static/notes/n12-bin-4.png]
[www.eecs70.org/static/notes/n12.html]
[www.eecs70.org/static/notes/n13-samplespace.png]
[www.eecs70.org/static/notes/n13-monty.png]
[www.eecs70.org/static/notes/n13.html]
[www.eecs70.org/static/notes/n14-oval.png]
[www.eecs70.org/static/notes/n14-pharmacy.png]
[www.eecs70.org/static/notes/n14-disorder.png]
[www.eecs70.org/static/notes/n14-bins.png]
[www.eecs70.org/static/notes/n14-binprob.png]
[www.eecs70.org/static/notes/n14.html]
[www.eecs70.org/static/notes/n15.html]
[www.eecs70.org/static/notes/n16-rv.png]
[www.eecs70.org/static/notes/n16-distribution.png]
[www.eecs70.org/static/notes/n16-binomial.png]
[www.eecs70.org/static/notes/n16-gravity.png]
[www.eecs70.org/static/notes/n16.html]
[www.eecs70.org/static/notes/n17.html]
[www.eecs70.org/static/notes/n18-seesaw.png]
[www.eecs70.org/static/notes/n18.html]
[www.eecs70.org/static/notes/n19-geometric.png]
[www.eecs70.org/static/notes/n19-poisson.png]
[www.eecs70.org/static/notes/n19.html]
[www.eecs70.org/static/notes/n20-exponential.png]
[www.eecs70.org/static/notes/n20-normal.png]
[www.eecs70.org/static/notes/n20-jointnormal.png]
[www.eecs70.org/static/notes/n20-normalrotation.png]
[www.eecs70.org/static/notes/n20-needle.png]
[www.eecs70.org/static/notes/n20-noodle.png]
[www.eecs70.org/static/notes/n20-circle.png]
[www.eecs70.org/static/notes/n20.html]
[www.eecs70.org/static/notes/n24-f1.png]
[www.eecs70.org/static/notes/n24-f2.png]
[www.eecs70.org/static/notes/n24-f3.png]
[www.eecs70.org/static/notes/n24-f4.png]
[www.eecs70.org/static/notes/n24-f5.png]
[www.eecs70.org/static/notes/n24.html]
[www.eecs70.org/static/notes/n25a.html]
[www.eecs70.org/static/notes/n25b.html]
[www.eecs70.org/static/notes/n26.html]
