[cs61a.org/index.html]
[backblue.gif]
[fade.gif]
[index.html]
[cdnjs.cloudflare.com/ajax/libs/jquery/2.2.4/jquery.min.js]
[cdnjs.cloudflare.com/ajax/libs/twitter-bootstrap/3.3.7/js/bootstrap.min.js]
[cdnjs.cloudflare.com/ajax/libs/highlight.js/9.12.0/highlight.min.js]
[cdnjs.cloudflare.com/ajax/libs/twitter-bootstrap/3.3.7/css/bootstrap.min.css]
[cs61a.org/assets/css/style.css]
[cs61a.org/assets/css/mono-blue.css]
[cs61a.org/assets/images/favicon.ico]
[cs61a.org/weekly.html]
[cs61a.org/office-hours.html]
[cs61a.org/staff.html]
[cs61a.org/resources.html]
[cs61a.org/articles/about.html]
[cs61a.org/extra.html]
[cs61a.org/exams/final.html]
[cs61a.org/proj/scheme_gallery.e.delayed]
[cs61a.org/assets/slides/36-Distributed_Data_full.pdf]
[cs61a.org/proj/scheme_gallery/index.html]
[cs61a.org/assets/slides/36-Distributed_Data_1pp.pdf]
[cs61a.org/assets/slides/36-Distributed_Data_8pp.pdf]
[cs61a.org/assets/slides/36.py]
[cs61a.org/assets/slides/37-Natural_Language_full.pdf]
[cs61a.org/assets/slides/37-Natural_Language_1pp.pdf]
[cs61a.org/assets/slides/37-Natural_Language_8pp.pdf]
[cs61a.org/assets/slides/37.zip]
[cs61a.org/disc/disc11.pdf]
[cs61a.org/disc/disc11_sol.pdf]
[cs61a.org/assets/pdfs/exam_prep10.pdf]
[cs61a.org/assets/pdfs/exam_prep10_sol.pdf]
[cs61a.org/assets/slides/33-Tables_full.pdf]
[cs61a.org/assets/slides/33-Tables_1pp.pdf]
[cs61a.org/assets/slides/33-Tables_8pp.pdf]
[cs61a.org/assets/slides/33.sql]
[cs61a.org/assets/slides/34-Aggregation_full.pdf]
[cs61a.org/assets/slides/34-Aggregation_1pp.pdf]
[cs61a.org/assets/slides/34-Aggregation_8pp.pdf]
[cs61a.org/assets/slides/34.sql]
[cs61a.org/assets/slides/35-Databases_full.pdf]
[cs61a.org/assets/slides/35-Databases_1pp.pdf]
[cs61a.org/assets/slides/35-Databases_8pp.pdf]
[cs61a.org/assets/slides/35.py]
[cs61a.org/assets/slides/35.sql]
[cs61a.org/disc/disc10.pdf]
[cs61a.org/disc/disc10_sol.pdf]
[cs61a.org/assets/pdfs/exam_prep09.pdf]
[cs61a.org/assets/pdfs/exam_prep09_sol.pdf]
[cs61a.org/assets/slides/30-Iterators_full.pdf]
[cs61a.org/assets/slides/30-Iterators_1pp.pdf]
[cs61a.org/assets/slides/30-Iterators_8pp.pdf]
[cs61a.org/assets/slides/30.py]
[cs61a.org/assets/slides/31-Streams_full.pdf]
[cs61a.org/assets/slides/31-Streams_1pp.pdf]
[cs61a.org/assets/slides/31-Streams_8pp.pdf]
[cs61a.org/assets/slides/31.scm]
[cs61a.org/assets/slides/32-Declarative_Programming_full.pdf]
[cs61a.org/assets/slides/32-Declarative_Programming_1pp.pdf]
[cs61a.org/assets/slides/32-Declarative_Programming_8pp.pdf]
[cs61a.org/assets/slides/32.sql]
[cs61a.org/disc/disc09.pdf]
[cs61a.org/disc/disc09_sol.pdf]
[cs61a.org/assets/pdfs/exam_prep08.pdf]
[cs61a.org/assets/pdfs/exam_prep08_sol.pdf]
[cs61a.org/assets/slides/27-Interpreters_full.pdf]
[cs61a.org/assets/slides/27-Interpreters_1pp.pdf]
[cs61a.org/assets/slides/27-Interpreters_8pp.pdf]
[cs61a.org/assets/slides/28-Tail_Calls_full.pdf]
[cs61a.org/assets/slides/28-Tail_Calls_1pp.pdf]
[cs61a.org/assets/slides/28-Tail_Calls_8pp.pdf]
[cs61a.org/assets/slides/28.scm]
[cs61a.org/assets/slides/29-Macros_full.pdf]
[cs61a.org/assets/slides/29-Macros_1pp.pdf]
[cs61a.org/assets/slides/29-Macros_8pp.pdf]
[cs61a.org/assets/slides/29.scm]
[cs61a.org/disc/disc08.pdf]
[cs61a.org/disc/disc08_sol.pdf]
[cs61a.org/assets/pdfs/exam_prep07.pdf]
[cs61a.org/assets/pdfs/exam_prep07_sol.pdf]
[cs61a.org/assets/slides/24-Scheme_full.pdf]
[cs61a.org/assets/slides/24-Scheme_1pp.pdf]
[cs61a.org/assets/slides/24-Scheme_8pp.pdf]
[cs61a.org/assets/slides/24.scm]
[cs61a.org/assets/slides/25-Exceptions_full.pdf]
[cs61a.org/assets/slides/25-Exceptions_1pp.pdf]
[cs61a.org/assets/slides/25-Exceptions_8pp.pdf]
[cs61a.org/assets/slides/25.py]
[cs61a.org/assets/slides/25.scm]
[cs61a.org/assets/slides/26-Calculator_full.pdf]
[cs61a.org/assets/slides/26-Calculator_1pp.pdf]
[cs61a.org/assets/slides/26-Calculator_8pp.pdf]
[cs61a.org/assets/slides/26.scm]
[cs61a.org/disc/disc07.pdf]
[cs61a.org/disc/disc07_sol.pdf]
[cs61a.org/assets/pdfs/mentor06.pdf]
[cs61a.org/assets/pdfs/mentor06_sol.pdf]
[cs61a.org/articles/scheme-primitives.html]
[cs61a.org/articles/scheme-spec.html]
[cs61a.org/assets/pdfs/61a-sp18-mt2.pdf]
[cs61a.org/assets/pdfs/61a-sp18-mt2-solution.pdf]
[cs61a.org/exams/midterm2.html]
[cs61a.org/assets/slides/19-Composition_full.pdf]
[cs61a.org/assets/slides/19-Composition_1pp.pdf]
[cs61a.org/assets/slides/19-Composition_8pp.pdf]
[cs61a.org/assets/slides/19.py]
[cs61a.org/assets/slides/20-Ordered_Sets_full.pdf]
[cs61a.org/assets/slides/20-Ordered_Sets_1pp.pdf]
[cs61a.org/assets/slides/20-Ordered_Sets_8pp.pdf]
[cs61a.org/assets/slides/20.py]
[cs61a.org/assets/slides/21-Tree_Sets_full.pdf]
[cs61a.org/assets/slides/21-Tree_Sets_1pp.pdf]
[cs61a.org/assets/slides/21-Tree_Sets_8pp.pdf]
[cs61a.org/assets/slides/21.py]
[cs61a.org/disc/disc06.pdf]
[cs61a.org/disc/disc06_sol.pdf]
[cs61a.org/assets/pdfs/mentor04.pdf]
[cs61a.org/assets/pdfs/mentor04_sol.pdf]
[cs61a.org/assets/pdfs/exam_prep05.pdf]
[cs61a.org/assets/pdfs/exam_prep05_sol.pdf]
[cs61a.org/assets/slides/16-Inheritance_full.pdf]
[cs61a.org/assets/slides/16-Inheritance_1pp.pdf]
[cs61a.org/assets/slides/16-Inheritance_8pp.pdf]
[cs61a.org/assets/slides/16.py]
[cs61a.org/assets/slides/17-Representation_full.pdf]
[cs61a.org/assets/slides/17-Representation_1pp.pdf]
[cs61a.org/assets/slides/17-Representation_8pp.pdf]
[cs61a.org/assets/slides/17.py]
[cs61a.org/assets/slides/18-Growth_full.pdf]
[cs61a.org/assets/slides/18-Growth_1pp.pdf]
[cs61a.org/assets/slides/18-Growth_8pp.pdf]
[cs61a.org/assets/slides/18.py]
[cs61a.org/assets/slides/18.ipynb]
[cs61a.org/disc/disc05.pdf]
[cs61a.org/disc/disc05_sol.pdf]
[cs61a.org/assets/pdfs/mentor03.pdf]
[cs61a.org/assets/pdfs/mentor03_sol.pdf]
[cs61a.org/assets/pdfs/exam_prep04.pdf]
[cs61a.org/assets/pdfs/exam_prep04_sol.pdf]
[cs61a.org/assets/slides/14-Mutable_Functions_full.pdf]
[cs61a.org/assets/slides/14-Mutable_Functions_1pp.pdf]
[cs61a.org/assets/slides/14-Mutable_Functions_8pp.pdf]
[cs61a.org/assets/slides/14.py]
[cs61a.org/assets/slides/15-Objects_full.pdf]
[cs61a.org/assets/slides/15-Objects_1pp.pdf]
[cs61a.org/assets/slides/15-Objects_8pp.pdf]
[cs61a.org/assets/slides/15.py]
[cs61a.org/disc/disc04.pdf]
[cs61a.org/disc/disc04_sol.pdf]
[cs61a.org/assets/pdfs/mentor02.pdf]
[cs61a.org/assets/pdfs/mentor02_sol.pdf]
[cs61a.org/assets/pdfs/exam_prep03.pdf]
[cs61a.org/assets/pdfs/exam_prep03_sol.pdf]
[cs61a.org/assets/slides/11-Containers_full.pdf]
[cs61a.org/assets/slides/11-Containers_1pp.pdf]
[cs61a.org/assets/slides/11-Containers_8pp.pdf]
[cs61a.org/assets/slides/11.py]
[cs61a.org/assets/slides/12-Trees_full.pdf]
[cs61a.org/assets/slides/12-Trees_1pp.pdf]
[cs61a.org/assets/slides/12-Trees_8pp.pdf]
[cs61a.org/assets/slides/12.py]
[cs61a.org/assets/slides/13-Mutable_Values_full.pdf]
[cs61a.org/assets/slides/13-Mutable_Values_1pp.pdf]
[cs61a.org/assets/slides/13-Mutable_Values_8pp.pdf]
[cs61a.org/assets/slides/13.py]
[cs61a.org/disc/disc03.pdf]
[cs61a.org/disc/disc03_sol.pdf]
[cs61a.org/assets/pdfs/mentor01.pdf]
[cs61a.org/assets/pdfs/mentor01_sol.pdf]
[cs61a.org/assets/pdfs/61a-sp18-mt1.pdf]
[cs61a.org/proj/hog_contest/index.html]
[cs61a.org/assets/pdfs/61a-sp18-mt1-solution.pdf]
[cs61a.org/assets/slides/09-Function_Examples_full.pdf]
[cs61a.org/assets/slides/09-Function_Examples_1pp.pdf]
[cs61a.org/assets/slides/09-Function_Examples_8pp.pdf]
[cs61a.org/assets/slides/09.py]
[cs61a.org/assets/slides/10-Data_Abstraction_full.pdf]
[cs61a.org/assets/slides/10-Data_Abstraction_1pp.pdf]
[cs61a.org/assets/slides/10-Data_Abstraction_8pp.pdf]
[cs61a.org/assets/slides/10.py]
[cs61a.org/assets/pdfs/mentor00.pdf]
[cs61a.org/assets/pdfs/mentor00_sol.pdf]
[cs61a.org/assets/pdfs/exam_prep02.pdf]
[cs61a.org/assets/pdfs/exam_prep02_sol.pdf]
[cs61a.org/exams/midterm1.html]
[cs61a.org/assets/slides/06-Iteration_full.pdf]
[cs61a.org/assets/slides/06-Iteration_1pp.pdf]
[cs61a.org/assets/slides/06-Iteration_8pp.pdf]
[cs61a.org/assets/slides/06.py]
[cs61a.org/assets/slides/07-Recursion_full.pdf]
[cs61a.org/assets/slides/07-Recursion_1pp.pdf]
[cs61a.org/assets/slides/07-Recursion_8pp.pdf]
[cs61a.org/assets/slides/07.py]
[cs61a.org/assets/slides/08-Tree_Recursion_full.pdf]
[cs61a.org/assets/slides/08-Tree_Recursion_1pp.pdf]
[cs61a.org/assets/slides/08-Tree_Recursion_8pp.pdf]
[cs61a.org/assets/slides/08.py]
[cs61a.org/disc/disc02.pdf]
[cs61a.org/disc/disc02_sol.pdf]
[cs61a.org/assets/pdfs/exam_prep01.pdf]
[cs61a.org/assets/pdfs/exam_prep01_sol.pdf]
[cs61a.org/assets/slides/03-Control_full.pdf]
[cs61a.org/assets/slides/03-Control_1pp.pdf]
[cs61a.org/assets/slides/03-Control_8pp.pdf]
[cs61a.org/assets/slides/03.py]
[cs61a.org/assets/slides/04-Higher-Order_Functions_full.pdf]
[cs61a.org/assets/slides/04-Higher-Order_Functions_1pp.pdf]
[cs61a.org/assets/slides/04-Higher-Order_Functions_8pp.pdf]
[cs61a.org/assets/slides/04.py]
[cs61a.org/assets/slides/05-Environments_full.pdf]
[cs61a.org/assets/slides/05-Environments_1pp.pdf]
[cs61a.org/assets/slides/05-Environments_8pp.pdf]
[cs61a.org/assets/slides/05.py]
[cs61a.org/disc/disc01.pdf]
[cs61a.org/disc/disc01_sol.pdf]
[cs61a.org/assets/slides/01-Functions_full.pdf]
[cs61a.org/assets/slides/01-Functions_1pp.pdf]
[cs61a.org/assets/slides/01-Functions_8pp.pdf]
[cs61a.org/assets/slides/01.py]
[cs61a.org/assets/slides/02-Names_full.pdf]
[cs61a.org/assets/slides/02-Names_1pp.pdf]
[cs61a.org/assets/slides/02-Names_8pp.pdf]
[cs61a.org/assets/slides/02.py]
[cs61a.org/disc/disc00.pdf]
[cs61a.org/disc/disc00_sol.pdf]
[cs61a.org/proj/hog.db.delayed]
[cs61a.org/lab/lab00/index.html]
[cs61a.org/hw/hw01/index.html]
[cs61a.org/hw/sol-hw01/index.html]
[cs61a.org/proj/hog_contest.dc.delayed]
[cs61a.org/lab/lab01/index.html]
[cs61a.org/proj/maps.dd.delayed]
[cs61a.org/proj/hog/index.html]
[cs61a.org/hw/hw02/index.html]
[cs61a.org/hw/sol-hw02/index.html]
[cs61a.org/proj/ants.de.delayed]
[cs61a.org/lab/lab02/index.html]
[cs61a.org/hw/hw03/index.html]
[cs61a.org/assets/slides/22-Data_Examples_full.pdf]
[cs61a.org/hw/sol-hw03/index.html]
[cs61a.org/lab/lab03/index.html]
[cs61a.org/assets/slides/22-Data_Examples_1pp.pdf]
[cs61a.org/hw/hw04/index.html]
[cs61a.org/hw/sol-hw04/index.html]
[cs61a.org/assets/slides/22-Data_Examples_8pp.pdf]
[cs61a.org/lab/lab04/index.html]
[cs61a.org/assets/slides/22.py]
[cs61a.org/proj/maps/index.html]
[cs61a.org/hw/hw05/index.html]
[cs61a.org/assets/pdfs/mentor05.pdf]
[cs61a.org/lab/lab05/index.html]
[cs61a.org/hw/sol-hw05/index.html]
[cs61a.org/lab/lab06/index.html]
[cs61a.org/assets/pdfs/mentor05_sol.pdf]
[cs61a.org/proj/ants/index.html]
[cs61a.org/hw/hw06/index.html]
[cs61a.org/assets/pdfs/exam_prep06.pdf]
[cs61a.org/hw/sol-hw06/index.html]
[cs61a.org/lab/lab07/index.html]
[cs61a.org/assets/pdfs/exam_prep06_sol.e6.delayed]
[cs61a.org/hw/hw07/index.html]
[cs61a.org/hw/sol-hw07/index.html]
[cs61a.org/proj/scheme.e7.delayed]
[cs61a.org/lab/lab08/index.html]
[cs61a.org/hw/hw08/index.html]
[cs61a.org/hw/sol-hw08/index.html]
[cs61a.org/proj/scheme_contest.e8.delayed]
[cs61a.org/articles/studying.html]
[cs61a.org/lab/lab09/index.html]
[cs61a.org/hw/hw09/index.html]
[cs61a.org/articles/debugging.html]
[cs61a.org/hw/sol-hw09/index.html]
[cs61a.org/lab/lab10/index.html]
[cs61a.org/hw/hw10/index.html]
[cs61a.org/proj/scheme/index.html]
[cs61a.org/hw/sol-hw10/index.html]
[cs61a.org/hw/hw11/index.html]
[cs61a.org/articles/composition.html]
[cs61a.org/lab/lab11/index.html]
[cs61a.org/hw/sol-hw11/index.html]
[cs61a.org/HEAD.ec.delayed]
[cs61a.org/index.html]
[cs61a.org/proj/scheme_contest/index.html]
[cdnjs.cloudflare.com/ajax/libs/twitter-bootstrap/3.3.7/css/bootstrap.min.css]
[cs61a.org/hw/hw12/index.html]
[cs61a.org/lab/lab12/index.html]
[cs61a.org/assets/css/style.css]
[cs61a.org/hw/sol-hw12/index.html]
[cs61a.org/assets/css/mono-blue.css]
[cs61a.org/hw/hw13/index.html]
[cs61a.org/lab/lab13/index.html]
[cdnjs.cloudflare.com/ajax/libs/fullcalendar/2.9.1/fullcalendar.min.css]
[cs61a.org/assets/css/calendar.css]
[cdnjs.cloudflare.com/ajax/libs/moment.js/2.13.0/moment.min.js]
[cdnjs.cloudflare.com/ajax/libs/fullcalendar/2.9.1/fullcalendar.min.js]
[cdnjs.cloudflare.com/ajax/libs/fullcalendar/2.9.1/gcal.js]
[cs61a.org/assets/js/config.js]
[cs61a.org/assets/js/calendar.js]
[cs61a.org/weekly.html]
[cs61a.org/office-hours.html]
[cs61a.org/assets/images/john-denero.jpg]
[cs61a.org/assets/images/alex-stennet.jpg]
[cs61a.org/assets/images/amanda-bui.jpg]
[cs61a.org/assets/images/chris-allsman.jpg]
[cs61a.org/assets/images/colin-schoen.jpg]
[cs61a.org/assets/images/dalton-omens.jpg]
[cs61a.org/assets/images/derek-wan.jpg]
[cs61a.org/assets/images/ellen-luo.jpg]
[cs61a.org/assets/images/hans-zheng.jpg]
[cs61a.org/assets/images/hyun-jae-moon.jpg]
[cs61a.org/assets/images/james-uejio.jpg]
[cs61a.org/assets/images/janaki-vivrekar.jpg]
[cs61a.org/assets/images/jemin-desai.jpg]
[cs61a.org/assets/images/jen-thakar.jpg]
[cs61a.org/assets/images/jennie-chen.jpg]
[cs61a.org/assets/images/jennifer-yip.jpg]
[cs61a.org/assets/images/jenny-wang.jpg]
[cs61a.org/assets/images/jerry(20hr)-chen.jpg]
[cs61a.org/assets/images/jerry-chen.jpg]
[cs61a.org/assets/images/jessie-yang.jpg]
[cs61a.org/assets/images/jongmin-jerome-baek.jpg]
[cs61a.org/assets/images/julia-luo.jpg]
[cs61a.org/assets/images/karina-goot.jpg]
[cs61a.org/assets/images/karthik-bharathala.jpg]
[cs61a.org/assets/images/kavi-gupta.jpg]
[cs61a.org/assets/images/kelly-chen.jpg]
[cs61a.org/assets/images/khalil-sarwari.jpg]
[cs61a.org/assets/images/matthew-jeng.jpg]
[cs61a.org/assets/images/michael-dong.jpg]
[cs61a.org/assets/images/michael-gibbes.jpg]
[cs61a.org/assets/images/mitas-ray.jpg]
[cs61a.org/assets/images/neil-shah.jpg]
[cs61a.org/assets/images/nipun-ramakrishnan.jpg]
[cs61a.org/assets/images/paul-bitutsky.jpg]
[cs61a.org/assets/images/peter-xu.jpg]
[cs61a.org/assets/images/samantha-wathugala.jpg]
[cs61a.org/assets/images/sequoia-eyzaguirre.jpg]
[cs61a.org/assets/images/shea-conlon.jpg]
[cs61a.org/assets/images/shreya-sahoo.jpg]
[cs61a.org/assets/images/suraj-rampure.jpg]
[cs61a.org/assets/images/tammy-nguyen.jpg]
[cs61a.org/assets/images/thomas-zhang.jpg]
[cs61a.org/assets/images/tiffany-perumpail.jpg]
[cs61a.org/assets/images/yannan-tuo.jpg]
[cs61a.org/assets/images/yichen-sun.jpg]
[cs61a.org/assets/images/ajan-adriano.jpg]
[cs61a.org/assets/images/alex-wang.jpg]
[cs61a.org/assets/images/alex-yang.jpg]
[cs61a.org/assets/images/anirvin-sikha.jpg]
[cs61a.org/assets/images/anita-cu.jpg]
[cs61a.org/assets/images/annie-ro.jpg]
[cs61a.org/assets/images/anusha-syed.jpg]
[cs61a.org/assets/images/audrey-thompson.jpg]
[cs61a.org/assets/images/bryan-tong.jpg]
[cs61a.org/assets/images/chae-park.jpg]
[cs61a.org/assets/images/danelle-nachum.jpg]
[cs61a.org/assets/images/daniel-mao.jpg]
[cs61a.org/assets/images/dennis-feng.jpg]
[cs61a.org/assets/images/derrick-xiong.jpg]
[cs61a.org/assets/images/elaine-park.jpg]
[cs61a.org/assets/images/farhan-toddywala.jpg]
[cs61a.org/assets/images/genji-noguchi.jpg]
[cs61a.org/assets/images/griffin-prechter.jpg]
[cs61a.org/assets/images/jason-xu.jpg]
[cs61a.org/assets/images/jason-zhou.jpg]
[cs61a.org/assets/images/katherine-liu.jpg]
[cs61a.org/assets/images/keon-tsang.jpg]
[cs61a.org/assets/images/kevin-ko.jpg]
[cs61a.org/assets/images/kevin-wang.jpg]
[cs61a.org/assets/images/kristyn-fudge.jpg]
[cs61a.org/assets/images/kyle-tse.jpg]
[cs61a.org/assets/images/lance-xing.jpg]
[cs61a.org/assets/images/lillian-du.jpg]
[cs61a.org/assets/images/lindsay-yang.jpg]
[cs61a.org/assets/images/michelle-cheung.jpg]
[cs61a.org/assets/images/michelle-hao.jpg]
[cs61a.org/assets/images/naomi-jung.jpg]
[cs61a.org/assets/images/nathan-khuu.jpg]
[cs61a.org/assets/images/sachit-shroff.jpg]
[cs61a.org/assets/images/tommy-myeongjae-chu.jpg]
[cs61a.org/staff.html]
[cdn.rawgit.com/cytoscape/cytoscape.js/master/dist/cytoscape.min.js]
[cs61a.org/assets/pdfs/61a-fa17-mt1.pdf]
[cs61a.org/assets/pdfs/61a-fa17-mt1-solution.pdf]
[cs61a.org/assets/pdfs/61a-fa17-mt2.pdf]
[cs61a.org/assets/pdfs/61a-fa17-mt2-solution.pdf]
[cs61a.org/assets/pdfs/mock-exams/61a-sp18-mock-final.pdf]
[cs61a.org/assets/pdfs/mock-exams/61a-sp18-mock-final-sol.pdf]
[cs61a.org/assets/pdfs/mock-exams/61a-su17-mock-final.pdf]
[cs61a.org/assets/pdfs/mock-exams/61a-su17-mock-final-sol.pdf]
[cs61a.org/assets/pdfs/mock-exams/61a-sp17-mock-midterm-1.pdf]
[cs61a.org/assets/pdfs/mock-exams/61a-sp17-mock-midterm-1-sol.pdf]
[cs61a.org/assets/pdfs/mock-exams/61a-sp17-mock-midterm-2.pdf]
[cs61a.org/assets/pdfs/mock-exams/61a-sp17-mock-midterm-2-sol.pdf]
[cs61a.org/assets/pdfs/mock-exams/61a-sp17-mock-final.pdf]
[cs61a.org/assets/pdfs/mock-exams/61a-sp17-mock-final-sol.pdf]
[cs61a.org/assets/pdfs/mock-exams/61a-fa14-mock-final.pdf]
[cs61a.org/assets/pdfs/mock-exams/61a-fa14-mock-final-sol.pdf]
[cs61a.org/assets/pdfs/61a-fa17-mt1-review.pdf]
[cs61a.org/assets/pdfs/61a-fa17-mt1-review-sol.pdf]
[cs61a.org/assets/pdfs/61a-fa17-mt2-review.pdf]
[cs61a.org/assets/pdfs/61a-fa17-mt2-review-sol.pdf]
[cs61a.org/assets/pdfs/61a-fa17-final-review.pdf]
[cs61a.org/assets/pdfs/61a-fa17-final-review-sol.pdf]
[cs61a.org/articles/pair-programming.html]
[cs61a.org/assets/js/flowchart.js]
[cs61a.org/resources.html]
[cs61a.org/articles/about.html]
[cdn.plot.ly/plotly-1.30.0.min.js]
[cs61a.org/assets/slides/e01-Newtons_Method_full.pdf]
[cs61a.org/assets/slides/e01-Newtons_Method_1pp.pdf]
[cs61a.org/assets/slides/e01-Newtons_Method_8pp.pdf]
[cs61a.org/assets/slides/e01.py]
[cs61a.org/assets/slides/e02-Decisions_full.pdf]
[cs61a.org/assets/slides/e02-Decisions_1pp.pdf]
[cs61a.org/assets/slides/e02-Decisions_8pp.pdf]
[cs61a.org/assets/slides/e02.py]
[cs61a.org/assets/slides/e03-Lambda_Calculus_full.pdf]
[cs61a.org/extra/extra01/index.html]
[cs61a.org/assets/slides/e03-Lambda_Calculus_1pp.pdf]
[cs61a.org/assets/slides/e03-Lambda_Calculus_8pp.pdf]
[cs61a.org/assets/slides/e03.py]
[cs61a.org/assets/slides/e04-Huffman_Codes_full.pdf]
[cs61a.org/assets/slides/e04-Huffman_Codes_1pp.pdf]
[cs61a.org/assets/slides/e04-Huffman_Codes_8pp.pdf]
[cs61a.org/assets/slides/e04.py]
[cs61a.org/assets/slides/e05-Containers_full.pdf]
[cs61a.org/assets/slides/e05-Containers_1pp.pdf]
[cs61a.org/assets/slides/e05-Containers_8pp.pdf]
[cs61a.org/assets/slides/e05.py]
[cs61a.org/assets/slides/e06-Implementing_Objects_full.pdf]
[cs61a.org/extra/extra02/index.html]
[cs61a.org/assets/slides/e06-Implementing_Objects_1pp.pdf]
[cs61a.org/assets/slides/e06-Implementing_Objects_8pp.pdf]
[cs61a.org/assets/slides/e07-Parallelism_full.pdf]
[cs61a.org/assets/slides/e07-Parallelism_1pp.pdf]
[cs61a.org/assets/slides/e07-Parallelism_8pp.pdf]
[cs61a.org/assets/slides/e07.zip]
[cs61a.org/assets/slides/e08-Ray_Tracing_full.pdf]
[cs61a.org/assets/slides/e08-Ray_Tracing_1pp.pdf]
[cs61a.org/assets/slides/e08-Ray_Tracing_8pp.pdf]
[cs61a.org/assets/slides/e08.py]
[cs61a.org/assets/slides/e09-Lazy_Evaluation_full.pdf]
[cs61a.org/assets/slides/e09-Lazy_Evaluation_1pp.pdf]
[cs61a.org/assets/slides/e09-Lazy_Evaluation_8pp.pdf]
[cs61a.org/assets/slides/e10-Logic_Programming_1pp.pdf]
[cs61a.org/assets/slides/e10-Logic_Programming_8pp.pdf]
[cs61a.org/assets/slides/e10.py]
[cs61a.org/assets/slides/e10.logic]
[cs61a.org/assets/slides/e11-Machine_Learning_full.pdf]
[cs61a.org/assets/slides/e11-Machine_Learning_1pp.pdf]
[cs61a.org/assets/slides/e11-Machine_Learning_8pp.pdf]
[cs61a.org/assets/slides/e11.ipynb]
[cs61a.org/assets/slides/e11.csv]
[cs61a.org/extra.html]
[cs61a.org/extra/extra03/index.html]
[cs61a.org/assets/pdfs/61a-mt1-study-guide.pdf]
[cs61a.org/assets/pdfs/61a-mt2-study-guide.pdf]
[cs61a.org/exams/final.html]
[cs61a.org/assets/css/project.css]
[cs61a.org/proj/scheme_gallery/entries/0430e0c0/artwork.png]
[cs61a.org/proj/scheme_gallery/entries/0430e0c0/contest.scm]
[cs61a.org/proj/scheme_gallery/entries/0430e0c0/scheme_primitives.py]
[cs61a.org/proj/scheme_gallery/entries/0798bf67/artwork.png]
[cs61a.org/proj/scheme_gallery/entries/0798bf67/contest.scm]
[cs61a.org/proj/scheme_gallery/entries/0798bf67/scheme_primitives.py]
[cs61a.org/proj/scheme_gallery/entries/0e01938f/artwork.png]
[cs61a.org/proj/scheme_gallery/entries/0e01938f/contest.scm]
[cs61a.org/proj/scheme_gallery/entries/0e01938f/scheme_primitives.py]
[cs61a.org/proj/scheme_gallery/entries/1697aa87/artwork.png]
[cs61a.org/proj/scheme_gallery/entries/1697aa87/contest.scm]
[cs61a.org/proj/scheme_gallery/entries/1697aa87/scheme_primitives.py]
[cs61a.org/proj/scheme_gallery/entries/198b44a4/artwork.png]
[cs61a.org/proj/scheme_gallery/entries/198b44a4/contest.scm]
[cs61a.org/proj/scheme_gallery/entries/198b44a4/scheme_primitives.py]
[cs61a.org/proj/scheme_gallery/entries/202bdc12/artwork.png]
[cs61a.org/proj/scheme_gallery/entries/202bdc12/contest.scm]
[cs61a.org/proj/scheme_gallery/entries/202bdc12/scheme_primitives.py]
[cs61a.org/proj/scheme_gallery/entries/4582adcb/artwork.png]
[cs61a.org/proj/scheme_gallery/entries/4582adcb/contest.scm]
[cs61a.org/proj/scheme_gallery/entries/4582adcb/scheme_primitives.py]
[cs61a.org/proj/scheme_gallery/entries/4dff66c5/artwork.png]
[cs61a.org/proj/scheme_gallery/entries/4dff66c5/contest.scm]
[cs61a.org/proj/scheme_gallery/entries/4dff66c5/scheme_primitives.py]
[cs61a.org/proj/scheme_gallery/entries/632328de/artwork.png]
[cs61a.org/proj/scheme_gallery/entries/632328de/contest.scm]
[cs61a.org/proj/scheme_gallery/entries/632328de/scheme_primitives.py]
[cs61a.org/proj/scheme_gallery/entries/63b9f23e/artwork.png]
[cs61a.org/proj/scheme_gallery/entries/63b9f23e/contest.scm]
[cs61a.org/proj/scheme_gallery/entries/63b9f23e/scheme_primitives.py]
[cs61a.org/proj/scheme_gallery/entries/64d04d17/artwork.png]
[cs61a.org/proj/scheme_gallery/entries/64d04d17/contest.scm]
[cs61a.org/proj/scheme_gallery/entries/64d04d17/scheme_primitives.py]
[cs61a.org/proj/scheme_gallery/entries/6b3c1cd2/artwork.png]
[cs61a.org/proj/scheme_gallery/entries/6b3c1cd2/contest.scm]
[cs61a.org/proj/scheme_gallery/entries/6b3c1cd2/scheme_primitives.py]
[cs61a.org/proj/scheme_gallery/entries/8996abe1/artwork.png]
[cs61a.org/proj/scheme_gallery/entries/8996abe1/contest.scm]
[cs61a.org/proj/scheme_gallery/entries/8996abe1/scheme_primitives.py]
[cs61a.org/proj/scheme_gallery/entries/899d76ba/artwork.png]
[cs61a.org/proj/scheme_gallery/entries/899d76ba/contest.scm]
[cs61a.org/proj/scheme_gallery/entries/899d76ba/scheme_primitives.py]
[cs61a.org/proj/scheme_gallery/entries/8fa95f81/artwork.png]
[cs61a.org/proj/scheme_gallery/entries/8fa95f81/contest.scm]
[cs61a.org/proj/scheme_gallery/entries/8fa95f81/scheme_primitives.py]
[cs61a.org/proj/scheme_gallery/entries/91f36c2f/artwork.png]
[cs61a.org/proj/scheme_gallery/entries/91f36c2f/contest.scm]
[cs61a.org/proj/scheme_gallery/entries/91f36c2f/scheme_primitives.py]
[cs61a.org/proj/scheme_gallery/entries/9609190e/artwork.png]
[cs61a.org/proj/scheme_gallery/entries/9609190e/contest.scm]
[cs61a.org/proj/scheme_gallery/entries/9609190e/scheme_primitives.py]
[cs61a.org/proj/scheme_gallery/entries/a1922493/artwork.png]
[cs61a.org/proj/scheme_gallery/entries/a1922493/contest.scm]
[cs61a.org/proj/scheme_gallery/entries/a1922493/scheme_primitives.py]
[cs61a.org/proj/scheme_gallery/entries/a389fbee/artwork.png]
[cs61a.org/proj/scheme_gallery/entries/a389fbee/contest.scm]
[cs61a.org/proj/scheme_gallery/entries/a389fbee/scheme_primitives.py]
[cs61a.org/proj/scheme_gallery/entries/a6d886c4/artwork.png]
[cs61a.org/proj/scheme_gallery/entries/a6d886c4/contest.scm]
[cs61a.org/proj/scheme_gallery/entries/a6d886c4/scheme_primitives.py]
[cs61a.org/proj/scheme_gallery/entries/b3a40aad/artwork.png]
[cs61a.org/proj/scheme_gallery/entries/b3a40aad/contest.scm]
[cs61a.org/proj/scheme_gallery/entries/b3a40aad/scheme_primitives.py]
[cs61a.org/proj/scheme_gallery/entries/b6a2db0c/artwork.png]
[cs61a.org/proj/scheme_gallery/entries/b6a2db0c/contest.scm]
[cs61a.org/proj/scheme_gallery/entries/b6a2db0c/scheme_primitives.py]
[cs61a.org/proj/scheme_gallery/entries/b9197eaf/artwork.png]
[cs61a.org/proj/scheme_gallery/entries/b9197eaf/contest.scm]
[cs61a.org/proj/scheme_gallery/entries/b9197eaf/scheme_primitives.py]
[cs61a.org/proj/scheme_gallery/entries/bda0cdaa/artwork.png]
[cs61a.org/proj/scheme_gallery/entries/bda0cdaa/contest.scm]
[cs61a.org/proj/scheme_gallery/entries/bda0cdaa/scheme_primitives.py]
[cs61a.org/proj/scheme_gallery/entries/c27fbb45/artwork.png]
[cs61a.org/proj/scheme_gallery/entries/c27fbb45/contest.scm]
[cs61a.org/proj/scheme_gallery/entries/c27fbb45/scheme_primitives.py]
[cs61a.org/proj/scheme_gallery/entries/c4619225/artwork.png]
[cs61a.org/proj/scheme_gallery/entries/c4619225/contest.scm]
[cs61a.org/proj/scheme_gallery/entries/c4619225/scheme_primitives.py]
[cs61a.org/proj/scheme_gallery/entries/c5c14a49/artwork.png]
[cs61a.org/proj/scheme_gallery/entries/c5c14a49/contest.scm]
[cs61a.org/proj/scheme_gallery/entries/c5c14a49/scheme_primitives.py]
[cs61a.org/proj/scheme_gallery/entries/c803a959/artwork.png]
[cs61a.org/proj/scheme_gallery/entries/c803a959/contest.scm]
[cs61a.org/proj/scheme_gallery/entries/c803a959/scheme_primitives.py]
[cs61a.org/proj/scheme_gallery/entries/c9a07318/artwork.png]
[cs61a.org/proj/scheme_gallery/entries/c9a07318/contest.scm]
[cs61a.org/proj/scheme_gallery/entries/c9a07318/scheme_primitives.py]
[cs61a.org/proj/scheme_gallery/entries/d93cafcf/artwork.png]
[cs61a.org/proj/scheme_gallery/entries/d93cafcf/contest.scm]
[cs61a.org/proj/scheme_gallery/entries/d93cafcf/scheme_primitives.py]
[cs61a.org/proj/scheme_gallery/entries/ddc5470a/artwork.png]
[cs61a.org/proj/scheme_gallery/entries/ddc5470a/contest.scm]
[cs61a.org/proj/scheme_gallery/entries/ddc5470a/scheme_primitives.py]
[cs61a.org/proj/scheme_gallery/entries/e0d80c9b/artwork.png]
[cs61a.org/proj/scheme_gallery/entries/e0d80c9b/contest.scm]
[cs61a.org/proj/scheme_gallery/entries/e0d80c9b/scheme_primitives.py]
[cs61a.org/proj/scheme_gallery/entries/e7d5227c/artwork.png]
[cs61a.org/proj/scheme_gallery/entries/e7d5227c/contest.scm]
[cs61a.org/proj/scheme_gallery/entries/e7d5227c/scheme_primitives.py]
[cs61a.org/proj/scheme_gallery/entries/edee3e42/artwork.png]
[cs61a.org/proj/scheme_gallery/entries/edee3e42/contest.scm]
[cs61a.org/proj/scheme_gallery/entries/edee3e42/scheme_primitives.py]
[cs61a.org/proj/scheme_gallery/entries/f6c5251a/artwork.png]
[cs61a.org/proj/scheme_gallery/entries/f6c5251a/contest.scm]
[cs61a.org/proj/scheme_gallery/entries/f6c5251a/scheme_primitives.py]
[cs61a.org/proj/scheme_gallery/entries/fea242d5/artwork.png]
[cs61a.org/proj/scheme_gallery/entries/fea242d5/contest.scm]
[cs61a.org/proj/scheme_gallery/entries/fea242d5/scheme_primitives.py]
[cs61a.org/proj/scheme_gallery/entries/9c85fb82/artwork.png]
[cs61a.org/proj/scheme_gallery/entries/9c85fb82/contest.scm]
[cs61a.org/proj/scheme_gallery/entries/9c85fb82/scheme_primitives.py]
[cs61a.org/proj/scheme_gallery/entries/bd817e4b/artwork.png]
[cs61a.org/proj/scheme_gallery/entries/bd817e4b/contest.scm]
[cs61a.org/proj/scheme_gallery/entries/bd817e4b/scheme_primitives.py]
[cs61a.org/proj/scheme_gallery/entries/c478ed52/artwork.png]
[cs61a.org/proj/scheme_gallery/entries/c478ed52/contest.scm]
[cs61a.org/proj/scheme_gallery/entries/c478ed52/scheme_primitives.py]
[cs61a.org/proj/scheme_gallery/entries/dd3afe84/artwork.png]
[cs61a.org/proj/scheme_gallery/entries/dd3afe84/contest.scm]
[cs61a.org/proj/scheme_gallery/index.html]
[cs61a.org/proj/scheme_gallery/entries/dd3afe84/scheme_primitives.py]
[cs61a.org/articles/scheme-primitives.html]
[cs61a.org/articles/scheme-spec.html]
[cs61a.org/exams/midterm2.html]
[cs61a.org/assets/interpreter/scheme]
[cs61a.org/proj/hog_contest/hog_contest.zip]
[cs61a.org/proj/hog_contest/index.html]
[cs61a.org/exams/midterm1.html]
[cs61a.org/lab/lab00/lab00.zip]
[cs61a.org/lab/lab00/assets/git-bash-options.png]
[cs61a.org/lab/lab00/ok.zip]
[cs61a.org/lab/lab00/assets/python-windows-install-path.png]
[cs61a.org/articles/atom.html]
[cs61a.org/articles/sublime.html]
[cs61a.org/articles/emacs.html]
[cs61a.org/articles/vim.html]
[cs61a.org/lab/lab00/assets/terminal.png]
[cs61a.org/lab/lab00/assets/terminal_commands.png]
[cs61a.org/articles/unix.html]
[cs61a.org/lab/lab00/index.html]
[cs61a.org/articles/using-ok.html]
[cs61a.org/assets/css/hw.css]
[cs61a.org/hw/hw01/hw01.zip]
[cs61a.org/lab/lab00.218.delayed]
[cs61a.org/hw/hw01/index.html]
[cs61a.org/hw/sol-hw01/hw01.py]
[cs61a.org/hw/sol-hw01/index.html]
[cs61a.org/lab/lab01/lab01.zip]
[cs61a.org/lab/lab01/lab01.py]
[cs61a.org/lab/lab01/index.html]
[cs61a.org/lab/lab01/ok.zip]
[cs61a.org/proj/hog/hog.zip]
[cs61a.org/proj/hog/images/die5.gif]
[cs61a.org/proj/hog/index.html]
[cs61a.org/hw/hw02/hw02.zip]
[cs61a.org/hw/hw02/hw02.py]
[cs61a.org/hw/hw02/index.html]
[cs61a.org/hw/sol-hw02/hw02.py]
[cs61a.org/hw/sol-hw02/index.html]
[cs61a.org/lab/lab02/lab02.zip]
[cs61a.org/lab/lab02/lab02.py]
[cs61a.org/lab/lab02/ok.zip]
[cs61a.org/lab/lab02/lab02_extra.py]
[cs61a.org/lab/lab02/index.html]
[cs61a.org/hw/hw03/hw03.zip]
[cs61a.org/hw/hw03/hw03.py]
[cs61a.org/hw/hw03/index.html]
[cs61a.org/hw/sol-hw03/hw03.py]
[cs61a.org/hw/sol-hw03/index.html]
[cs61a.org/lab/lab03/lab03.zip]
[cs61a.org/lab/lab03/lab03.py]
[cs61a.org/lab/lab03/ok.zip]
[cs61a.org/lab/lab03/lab03_extra.py]
[cs61a.org/lab/lab03/index.html]
[cs61a.org/hw/hw04/hw04.zip]
[cs61a.org/hw/hw04/hw04.py]
[cs61a.org/hw/hw04/index.html]
[cs61a.org/hw/sol-hw04/hw04.py]
[cs61a.org/hw/sol-hw04/index.html]
[cs61a.org/lab/lab04/lab04.zip]
[cs61a.org/lab/lab04/lab04.py]
[cs61a.org/lab/lab04/ok.zip]
[cs61a.org/lab/lab04/lab04_extra.py]
[cs61a.org/lab/lab04/assets/connect_4.gif]
[cs61a.org/lab/lab04/index.html]
[cs61a.org/proj/maps/maps.zip]
[cs61a.org/proj/maps/visualize/voronoi.png]
[cs61a.org/proj/maps/assets/least_squares.gif]
[cs61a.org/proj/maps/index.html]
[cs61a.org/hw/hw05/hw05.zip]
[upload.wikimedia.org/wikipedia/commons/0/07/Tower_of_Hanoi.jpg]
[upload.wikimedia.org/wikipedia/commons/7/7e/Modern_mobile-art_mobiles_mobius.jpg]
[cs61a.org/hw/hw05/index.html]
[cs61a.org/hw/sol-hw05/index.html]
[cs61a.org/hw/sol-hw05/hw05.py]
[cs61a.org/lab/lab05/lab05.zip]
[cs61a.org/lab/lab05/lab05.py]
[cs61a.org/lab/lab05/ok.zip]
[cs61a.org/lab/lab05/lab05_extra.py]
[cs61a.org/lab/lab05/assets/cs61a-tree.png]
[cs61a.org/lab/lab05/index.html]
[cs61a.org/lab/lab06/lab06.zip]
[cs61a.org/lab/lab06/index.html]
[cs61a.org/lab/lab06/ok.zip]
[cs61a.org/proj/ants/ants.zip]
[cs61a.org/proj/ants/assets/splash.png]
[cs61a.org/proj/ants/img/new_ants_gui.png]
[cs61a.org/proj/ants/img/custom_test.png]
[cs61a.org/proj/ants/assets/insects/ant_harvester.gif]
[cs61a.org/proj/ants/assets/insects/ant_thrower.gif]
[cs61a.org/proj/ants/assets/insects/ant_shortthrower.gif]
[cs61a.org/proj/ants/assets/insects/ant_longthrower.gif]
[cs61a.org/proj/ants/assets/insects/ant_fire.gif]
[cs61a.org/proj/ants/assets/insects/ant_hungry.gif]
[cs61a.org/proj/ants/assets/insects/ant_ninja.gif]
[cs61a.org/proj/ants/assets/insects/ant_wall.gif]
[cs61a.org/proj/ants/assets/insects/ant_bodyguard.gif]
[cs61a.org/proj/ants/assets/insects/ant_tank.gif]
[cs61a.org/proj/ants/assets/insects/ant_scuba.gif]
[cs61a.org/proj/ants/assets/insects/ant_queen.gif]
[cs61a.org/proj/ants/assets/insects/ant_slow.gif]
[cs61a.org/proj/ants/assets/insects/ant_stun.gif]
[cs61a.org/proj/ants/index.html]
[cs61a.org/hw/hw06/hw06.zip]
[cs61a.org/hw/hw06/index.html]
[cs61a.org/hw/sol-hw06/hw06.py]
[cs61a.org/hw/sol-hw06/index.html]
[cs61a.org/lab/lab07/lab07.zip]
[cs61a.org/lab/lab07/lab07.py]
[cs61a.org/lab/lab07/ok.zip]
[cs61a.org/lab/lab07/lab07_extra.py]
[cs61a.org/lab/lab07/assets/arraylist.png]
[cs61a.org/lab/lab07/assets/linkedlist.png]
[cs61a.org/lab/lab07/assets/arraylist_insert.png]
[cs61a.org/lab/lab07/assets/linkedlist_insert.png]
[cs61a.org/lab/lab07/index.html]
[cs61a.org/hw/hw07/hw07.zip]
[cs61a.org/hw/hw07/index.html]
[cs61a.org/hw/sol-hw07/hw07.py]
[cs61a.org/hw/sol-hw07/index.html]
[cs61a.org/lab/lab08/lab08.zip]
[cs61a.org/lab/lab08/lab08.py]
[cs61a.org/lab/lab08/ok.zip]
[cs61a.org/lab/lab08/lab08_extra.py]
[cs61a.org/lab/lab08/index.html]
[cs61a.org/hw/hw08/hw08.zip]
[cs61a.org/hw/hw08/index.html]
[cs61a.org/hw/sol-hw08/index.html]
[cs61a.org/lab/lab09/lab09.zip]
[cs61a.org/lab/lab09/lab09.scm]
[cs61a.org/lab/lab09/ok.zip]
[cs61a.org/lab/lab09/lab09_extra.scm]
[cs61a.org/lab/lab09/assets/list1.png]
[cs61a.org/lab/lab09/assets/list2.png]
[cs61a.org/lab/lab09/index.html]
[cs61a.org/hw/hw09/hw09.zip]
[cs61a.org/hw/hw09/index.html]
[cs61a.org/hw/sol-hw09/index.html]
[cs61a.org/lab/lab10/lab10.zip]
[cs61a.org/lab/lab10/index.html]
[cs61a.org/proj/scheme/scheme.zip]
[cs61a.org/lab/lab10/ok.zip]
[cs61a.org/proj/scheme/images/money_tree.png]
[cs61a.org/proj/scheme/images/custom_test.png]
[cs61a.org/proj/scheme/images/let.png]
[cs61a.org/proj/scheme/images/lambda.png]
[cs61a.org/proj/scheme/index.html]
[cs61a.org/proj/scheme/extensions.html]
[cs61a.org/hw/hw10/hw10.zip]
[cs61a.org/hw/hw10/index.html]
[cs61a.org/hw/sol-hw10/index.html]
[cs61a.org/lab/lab11/lab11.zip]
[cs61a.org/lab/lab11/lab11.py]
[cs61a.org/lab/lab11/ok.zip]
[cs61a.org/lab/lab11/lab11_extra.py]
[cs61a.org/lab/lab11/index.html]
[cs61a.org/hw/hw11/hw11.zip]
[cs61a.org/hw/hw11/index.html]
[cs61a.org/hw/sol-hw11/hw11.scm]
[cs61a.org/hw/sol-hw11/index.html]
[cs61a.org/proj/scheme_contest/scheme_contest.zip]
[cs61a.org/proj/scheme_contest/index.html]
[cs61a.org/proj/scheme/scheme_tokens.py]
[cs61a.org/lab/lab12/lab12.zip]
[cs61a.org/lab/lab12/lab12.sql]
[cs61a.org/lab/lab12/ok.zip]
[cs61a.org/lab/lab12/lab12_extra.sql]
[cs61a.org/lab/lab12/assets/football.png]
[cs61a.org/lab/lab12/assets/joins.png]
[cs61a.org/lab/lab12/assets/denero.png]
[cs61a.org/lab/lab12/index.html]
[cs61a.org/hw/hw12/hw12.zip]
[cs61a.org/lab/lab12.29d.delayed]
[cs61a.org/hw/hw12/index.html]
[cs61a.org/hw/sol-hw12/hw12.sql]
[cs61a.org/hw/sol-hw12/index.html]
[cs61a.org/lab/lab13/lab13.zip]
[cs61a.org/lab/lab13/lab13.py]
[cs61a.org/lab/lab13/ok.zip]
[cs61a.org/lab/lab13/lab13.scm]
[cs61a.org/lab/lab13/lab13_extra.py]
[cs61a.org/lab/lab13/lab13_extra.scm]
[cs61a.org/lab/lab09.2a7.delayed]
[cs61a.org/lab/lab11.2a8.delayed]
[cs61a.org/lab/lab13/index.html]
[cs61a.org/hw/hw13/index.html]
[cs61a.org/articles/studying.html]
[cs61a.org/articles/debugging.html]
[cs61a.org/articles/composition.html]
[cs61a.org/HEAD]
[cdnjs.cloudflare.com/ajax/libs/fullcalendar/2.9.1/fullcalendar.min.css]
[cs61a.org/assets/css/calendar.css]
[cs61a.org/derrickxzy.github.io]
[cs61a.org/articles/pair-programming.html]
[cs61a.org/extra/extra01/extra01.zip]
[cs61a.org/extra/extra01/extra01.py]
[cs61a.org/extra/extra01/index.html]
[cs61a.org/extra/extra02/extra02.zip]
[cs61a.org/extra/extra01/ok.zip]
[cs61a.org/extra/extra02/extra02.py]
[cs61a.org/extra/extra02/assets/huf.png]
[cs61a.org/extra/extra02/index.html]
[cs61a.org/extra/extra02/ok.zip]
[cs61a.org/extra/extra03/extra03.zip]
[cs61a.org/extra/extra03/extra03.py]
[cs61a.org/extra/extra03/interleave.png]
[cs61a.org/extra/extra03/index.html]
[cs61a.org/assets/pdfs/61a-final-study-guide.pdf]
[cs61a.org/exams/cs61a@berkeley.edu]
[cs61a.org/assets/css/project.css]
[cs61a.org/extra/extra03/ok.zip]
[cs61a.org/articles/assets/atom-empty-project.png]
[cs61a.org/lab00/index.html]
[cs61a.org/articles/assets/atom-greet.png]
[cs61a.org/articles/atom.html]
[cs61a.org/articles/assets/sublime-blank.png]
[cs61a.org/articles/assets/sublime-greet-function.png]
[cs61a.org/articles/assets/sublime-control-panel.png]
[cs61a.org/articles/sublime.html]
[cs61a.org/articles/assets/emacs-splash.png]
[cs61a.org/articles/assets/emacs-menu-new-file.png]
[cs61a.org/articles/assets/emacs-greet.png]
[sachachua.com/blog/wp-content/uploads/2013/05/How-to-Learn-Emacs-v2-Large.png]
[sachachua.com/blog/wp-content/uploads/2013/08/20130830-Emacs-Newbie-How-to-Learn-Emacs-Keyboard-Shortcuts.png]
[cs61a.org/articles/emacs.html]
[cs61a.org/articles/assets/vim-start.png]
[cs61a.org/articles/assets/vim-greet-function.png]
[cs61a.org/articles/assets/vim-modes.png]
[cs61a.org/articles/vim.html]
[cs61a.org/articles/assets/unix.txt]
[cs61a.org/articles/unix.html]
[cs61a.org/articles/assets/custom-test.png]
[cs61a.org/articles/using-ok.html]
[cs61a.org/assets/css/hw.css]
[cs61a.org/hw/sol-hw01/hw01.zip]
[cs61a.org/hw/sol-hw02/hw02.zip]
[cs61a.org/hw/sol-hw03/hw03.zip]
[cs61a.org/hw/sol-hw04/hw04.zip]
[cs61a.org/hw/sol-hw05/hw05.zip]
[cs61a.org/hw/sol-hw06/hw06.zip]
[cs61a.org/hw/sol-hw07/hw07.zip]
[cs61a.org/hw/sol-hw08/hw08.zip]
[cs61a.org/hw/sol-hw09/hw09.zip]
[cs61a.org/proj/scheme/extensions.html]
[cs61a.org/hw/sol-hw10/hw10.zip]
[cs61a.org/hw/sol-hw11/hw11.zip]
[cs61a.org/hw/sol-hw12/hw12.zip]
[cs61a.org/lab00/index.html]
[sachachua.com/blog/wp-content/uploads/2013/05/How-to-Learn-Emacs-v2-Large.png]
[sachachua.com/blog/wp-content/uploads/2013/08/20130830-Emacs-Newbie-How-to-Learn-Emacs-Keyboard-Shortcuts.png]
