[cs162.eecs.berkeley.edu/index.html]
[backblue.gif]
[fade.gif]
[index.html]
[cs162.eecs.berkeley.edu/static/site/favicon.ico]
[cs162.eecs.berkeley.edu/static/css/bootstrap.min.css]
[ajax.googleapis.com/ajax/libs/jquery/1.10.2/jquery.min.js]
[cs162.eecs.berkeley.edu/static/css/custom.css]
[cs162.eecs.berkeley.edu/static/js/bootstrap.min.js]
[cs162.eecs.berkeley.edu/static/lectures/1.pdf]
[cs162.eecs.berkeley.edu/static/lectures/1.pptx]
[cs162.eecs.berkeley.edu/static/sections/section1.pdf]
[cs162.eecs.berkeley.edu/static/hw/hw0.pdf]
[cs162.eecs.berkeley.edu/static/lectures/2.pdf]
[cs162.eecs.berkeley.edu/static/lectures/2.pptx]
[cs162.eecs.berkeley.edu/static/lectures/3.pdf]
[cs162.eecs.berkeley.edu/static/lectures/3.pptx]
[cs162.eecs.berkeley.edu/static/sections/section2.pdf]
[cs162.eecs.berkeley.edu/static/sections/section2-solutions.pdf]
[cs162.eecs.berkeley.edu/static/lectures/4.pdf]
[cs162.eecs.berkeley.edu/static/lectures/4.pptx]
[cs162.eecs.berkeley.edu/static/hw/hw1.pdf]
[cs162.eecs.berkeley.edu/static/lectures/5.pdf]
[cs162.eecs.berkeley.edu/static/lectures/5.pptx]
[cs162.eecs.berkeley.edu/static/sections/section3.pdf]
[cs162.eecs.berkeley.edu/static/sections/section3-solutions.pdf]
[cs162.eecs.berkeley.edu/static/lectures/6.pdf]
[cs162.eecs.berkeley.edu/static/lectures/6.pptx]
[cs162.eecs.berkeley.edu/static/projects/proj1.pdf]
[cs162.eecs.berkeley.edu/static/lectures/7.pdf]
[cs162.eecs.berkeley.edu/static/lectures/7.pptx]
[cs162.eecs.berkeley.edu/static/sections/section4.pdf]
[cs162.eecs.berkeley.edu/static/sections/section4-solutions.pdf]
[cs162.eecs.berkeley.edu/static/lectures/8.pdf]
[cs162.eecs.berkeley.edu/static/lectures/8.pptx]
[cs162.eecs.berkeley.edu/static/readings/garman_bug_81.pdf]
[cs162.eecs.berkeley.edu/static/readings/TheracNew.pdf]
[cs162.eecs.berkeley.edu/static/hw/hw2.pdf]
[cs162.eecs.berkeley.edu/static/lectures/9.pdf]
[cs162.eecs.berkeley.edu/static/lectures/9.pptx]
[cs162.eecs.berkeley.edu/static/sections/section5.pdf]
[cs162.eecs.berkeley.edu/static/sections/section5-solutions.pdf]
[cs162.eecs.berkeley.edu/static/lectures/10.pdf]
[cs162.eecs.berkeley.edu/static/lectures/10.pptx]
[cs162.eecs.berkeley.edu/static/sections/section6.pdf]
[cs162.eecs.berkeley.edu/static/sections/section6-solutions.pdf]
[cs162.eecs.berkeley.edu/static/lectures/11.pdf]
[cs162.eecs.berkeley.edu/static/lectures/11.pptx]
[cs162.eecs.berkeley.edu/static/sections/section7.pdf]
[cs162.eecs.berkeley.edu/static/sections/section7-solutions.pdf]
[cs162.eecs.berkeley.edu/static/lectures/12.pdf]
[cs162.eecs.berkeley.edu/static/lectures/12.pptx]
[cs162.eecs.berkeley.edu/static/hw/hw3.pdf]
[cs162.eecs.berkeley.edu/static/lectures/13.pdf]
[cs162.eecs.berkeley.edu/static/lectures/13.pptx]
[cs162.eecs.berkeley.edu/static/projects/proj2.pdf]
[cs162.eecs.berkeley.edu/static/sections/section8.pdf]
[cs162.eecs.berkeley.edu/static/sections/section8-solutions.pdf]
[cs162.eecs.berkeley.edu/static/lectures/14.pdf]
[cs162.eecs.berkeley.edu/static/lectures/14.pptx]
[cs162.eecs.berkeley.edu/static/lectures/15.pdf]
[cs162.eecs.berkeley.edu/static/lectures/15.pptx]
[cs162.eecs.berkeley.edu/static/sections/section9.pdf]
[cs162.eecs.berkeley.edu/static/sections/section9-solutions.pdf]
[cs162.eecs.berkeley.edu/static/lectures/16.pdf]
[cs162.eecs.berkeley.edu/static/lectures/16.pptx]
[cs162.eecs.berkeley.edu/static/lectures/17.pdf]
[cs162.eecs.berkeley.edu/static/lectures/17.pptx]
[cs162.eecs.berkeley.edu/static/readings/FFS84.pdf]
[cs162.eecs.berkeley.edu/static/sections/section10.pdf]
[cs162.eecs.berkeley.edu/static/sections/section10-solutions.pdf]
[cs162.eecs.berkeley.edu/static/lectures/18.pdf]
[cs162.eecs.berkeley.edu/static/lectures/18.pptx]
[cs162.eecs.berkeley.edu/static/lectures/19.pdf]
[cs162.eecs.berkeley.edu/static/lectures/19.pptx]
[cs162.eecs.berkeley.edu/static/sections/section11.pdf]
[cs162.eecs.berkeley.edu/static/sections/section11-solutions.pdf]
[cs162.eecs.berkeley.edu/static/projects/proj3.pdf]
[cs162.eecs.berkeley.edu/static/lectures/20.pdf]
[cs162.eecs.berkeley.edu/static/lectures/20.pptx]
[cs162.eecs.berkeley.edu/static/readings/Original_Byzantine.pdf]
[cs162.eecs.berkeley.edu/static/lectures/21.pdf]
[cs162.eecs.berkeley.edu/static/lectures/21.pptx]
[cs162.eecs.berkeley.edu/static/readings/endtoend.pdf]
[cs162.eecs.berkeley.edu/static/sections/section12.pdf]
[cs162.eecs.berkeley.edu/static/sections/section12-solutions.pdf]
[cs162.eecs.berkeley.edu/static/lectures/22.pdf]
[cs162.eecs.berkeley.edu/static/lectures/22.pptx]
[cs162.eecs.berkeley.edu/static/lectures/23.pdf]
[cs162.eecs.berkeley.edu/static/lectures/23.pptx]
[cs162.eecs.berkeley.edu/static/sections/section13.pdf]
[cs162.eecs.berkeley.edu/static/sections/section13-solutions.pdf]
[cs162.eecs.berkeley.edu/static/lectures/24.pdf]
[cs162.eecs.berkeley.edu/index.html]
[cs162.eecs.berkeley.edu/static/fonts/glyphicons-halflings-regular.eot]
[cs162.eecs.berkeley.edu/static/fonts/glyphicons-halflings-regulard41d.eot]
[cs162.eecs.berkeley.edu/static/fonts/glyphicons-halflings-regular.woff2]
[cs162.eecs.berkeley.edu/static/fonts/glyphicons-halflings-regular.woff]
[cs162.eecs.berkeley.edu/static/fonts/glyphicons-halflings-regular.ttf]
[cs162.eecs.berkeley.edu/static/css/bootstrap.min.css]
[cs162.eecs.berkeley.edu/static/css/custom.css]
[cs162.eecs.berkeley.edu/static/js/custom.js]
[cs162.eecs.berkeley.edu/.html]
[cs162.eecs.berkeley.edu/info/index.html]
[cs162.eecs.berkeley.edu/staff/index.html]
[cs162.eecs.berkeley.edu/resources/index.html]
[cs162.eecs.berkeley.edu/autograder/index.html]
[cs162.eecs.berkeley.edu/static/fonts/glyphicons-halflings-regular.svg]
